#
# There is insufficient memory for the Java Runtime Environment to continue.
# Native memory allocation (malloc) failed to allocate 1048576 bytes. Error detail: AllocateHeap
# Possible reasons:
#   The system is out of physical RAM or swap space
#   This process is running with CompressedOops enabled, and the Java Heap may be blocking the growth of the native heap
# Possible solutions:
#   Reduce memory load on the system
#   Increase physical memory or swap space
#   Check if swap backing store is full
#   Decrease Java heap size (-Xmx/-Xms)
#   Decrease number of Java threads
#   Decrease Java thread stack sizes (-Xss)
#   Set larger code cache with -XX:ReservedCodeCacheSize=
#   JVM is running with Unscaled Compressed Oops mode in which the Java heap is
#     placed in the first 4GB address space. The Java Heap base address is the
#     maximum limit for the native heap growth. Please use -XX:HeapBaseMinAddress
#     to set the Java Heap base and to place the Java Heap above 4GB virtual address.
# This output file may be truncated or incomplete.
#
#  Out of Memory Error (allocation.cpp:44), pid=16784, tid=15424
#
# JRE version: OpenJDK Runtime Environment Temurin-21.0.12.1+1 (21.0.12.1+1) (build 21.0.12.1+1-LTS)
# Java VM: OpenJDK 64-Bit Server VM Temurin-21.0.12.1+1 (21.0.12.1+1-LTS, mixed mode, sharing, tiered, compressed oops, compressed class ptrs, parallel gc, windows-amd64)
# No core dump will be written. Minidumps are not enabled by default on client versions of Windows
#

---------------  S U M M A R Y ------------

Command Line: --add-modules=ALL-SYSTEM --add-opens=java.base/java.util=ALL-UNNAMED --add-opens=java.base/java.lang=ALL-UNNAMED --add-opens=java.base/sun.nio.fs=ALL-UNNAMED -Declipse.application=org.eclipse.jdt.ls.core.id1 -Dosgi.bundles.defaultStartLevel=4 -Declipse.product=org.eclipse.jdt.ls.core.product -Djava.import.generatesMetadataFilesAtProjectRoot=false -Dm2e.project.cache.size=50 -DDetectVMInstallationsJob.disabled=true -Dfile.encoding=utf8 -XX:+UseParallelGC -XX:GCTimeRatio=4 -XX:AdaptiveSizePolicyWeight=90 -Dsun.zip.disableMemoryMapping=true -Xmx2G -Xms100m -Xlog:disable -javaagent:c:\Users\Aluno.PRCUR-LAB17N.001\.vscode\extensions\redhat.java-1.56.0-win32-x64\lombok\lombok-1.18.39-4050.jar -XX:+HeapDumpOnOutOfMemoryError -XX:HeapDumpPath=c:\Users\Aluno.PRCUR-LAB17N.001\AppData\Roaming\Code\User\workspaceStorage\00fad9ff65b8588c287b867479378830\redhat.java -Daether.dependencyCollector.impl=bf c:\Users\Aluno.PRCUR-LAB17N.001\.vscode\extensions\redhat.java-1.56.0-win32-x64\server\plugins\org.eclipse.equinox.launcher_1.8.0.v20260804-1928.jar -configuration c:\Users\Aluno.PRCUR-LAB17N.001\AppData\Roaming\Code\User\globalStorage\redhat.java\1.56.0\config_win -data c:\Users\Aluno.PRCUR-LAB17N.001\AppData\Roaming\Code\User\workspaceStorage\00fad9ff65b8588c287b867479378830\redhat.java\jdt_ws --stdio

Host: Intel(R) Core(TM) i3-1005G1 CPU @ 1.20GHz, 4 cores, 3G,  Windows 11 , 64 bit Build 26100 (10.0.26100.7623)
Time: Tue Sep 29 21:25:01 2026 Hora oficial do Brasil elapsed time: 321.695030 seconds (0d 0h 5m 21s)

---------------  T H R E A D  ---------------

Current thread (0x000002970b413ea0):  JavaThread "Attach Listener" daemon [_thread_in_vm, id=15424, stack(0x000000ec71300000,0x000000ec71400000) (1024K)]

Stack: [0x000000ec71300000,0x000000ec71400000]
Native frames: (J=compiled Java code, j=interpreted, Vv=VM code, C=native code)
V  [jvm.dll+0x6d83e9]
V  [jvm.dll+0x8b5736]
V  [jvm.dll+0x8b7cee]
V  [jvm.dll+0x8b83d3]
V  [jvm.dll+0x284596]
V  [jvm.dll+0xc13c7]
V  [jvm.dll+0x6d8c99]
V  [jvm.dll+0x133616]
V  [jvm.dll+0x3f8aae]
V  [jvm.dll+0x8600cd]
V  [jvm.dll+0x6d6c1d]
C  [ucrtbase.dll+0x37b0]
C  [KERNEL32.DLL+0x2e8d7]
C  [ntdll.dll+0x8c53c]


---------------  P R O C E S S  ---------------

Threads class SMR info:
_java_thread_list=0x00000297694d5a70, length=36, elements={
0x00000297091d90f0, 0x000002970b40b8b0, 0x000002970b40df80, 0x000002970b412d30,
0x000002970b413ea0, 0x000002970b414510, 0x000002970b415060, 0x000002970b415f90,
0x000002970b490480, 0x0000029763c39f60, 0x0000029763cb1b00, 0x00000297684000b0,
0x0000029768542120, 0x00000297684e03f0, 0x00000297684e18a0, 0x0000029768a05c40,
0x0000029768e20bb0, 0x0000029768d10d70, 0x0000029768264700, 0x00000297682674f0,
0x0000029768264d90, 0x00000297682667d0, 0x000002976a9de730, 0x000002976a9dedc0,
0x000002976a9e1520, 0x000002976a9df450, 0x000002976a9e0e90, 0x000002976a9e1bb0,
0x000002976a9e28d0, 0x000002976a9e2f60, 0x000002976a9e35f0, 0x000002976a9e0800,
0x000002976a9e0170, 0x000002976a9e5030, 0x000002976a9e56c0, 0x000002976a9e3c80
}

Java Threads: ( => current thread )
  0x00000297091d90f0 JavaThread "main"                              [_thread_blocked, id=15660, stack(0x000000ec70c00000,0x000000ec70d00000) (1024K)]
  0x000002970b40b8b0 JavaThread "Reference Handler"          daemon [_thread_blocked, id=16580, stack(0x000000ec71000000,0x000000ec71100000) (1024K)]
  0x000002970b40df80 JavaThread "Finalizer"                  daemon [_thread_blocked, id=3596, stack(0x000000ec71100000,0x000000ec71200000) (1024K)]
  0x000002970b412d30 JavaThread "Signal Dispatcher"          daemon [_thread_blocked, id=10328, stack(0x000000ec71200000,0x000000ec71300000) (1024K)]
=>0x000002970b413ea0 JavaThread "Attach Listener"            daemon [_thread_in_vm, id=15424, stack(0x000000ec71300000,0x000000ec71400000) (1024K)]
  0x000002970b414510 JavaThread "Service Thread"             daemon [_thread_blocked, id=16248, stack(0x000000ec71400000,0x000000ec71500000) (1024K)]
  0x000002970b415060 JavaThread "Monitor Deflation Thread"   daemon [_thread_blocked, id=7536, stack(0x000000ec71500000,0x000000ec71600000) (1024K)]
  0x000002970b415f90 JavaThread "C2 CompilerThread0"         daemon [_thread_blocked, id=8752, stack(0x000000ec71600000,0x000000ec71700000) (1024K)]
  0x000002970b490480 JavaThread "C1 CompilerThread0"         daemon [_thread_blocked, id=7376, stack(0x000000ec71700000,0x000000ec71800000) (1024K)]
  0x0000029763c39f60 JavaThread "Common-Cleaner"             daemon [_thread_blocked, id=15232, stack(0x000000ec71800000,0x000000ec71900000) (1024K)]
  0x0000029763cb1b00 JavaThread "Notification Thread"        daemon [_thread_blocked, id=16364, stack(0x000000ec71900000,0x000000ec71a00000) (1024K)]
  0x00000297684000b0 JavaThread "Active Thread: Equinox Container: 0afdfe7c-0bfc-423e-8f1e-1b68b33e83fd"        [_thread_blocked, id=10144, stack(0x000000ec71d00000,0x000000ec71e00000) (1024K)]
  0x0000029768542120 JavaThread "Refresh Thread: Equinox Container: 0afdfe7c-0bfc-423e-8f1e-1b68b33e83fd" daemon [_thread_blocked, id=16676, stack(0x000000ec71e00000,0x000000ec71f00000) (1024K)]
  0x00000297684e03f0 JavaThread "Framework Event Dispatcher: Equinox Container: 0afdfe7c-0bfc-423e-8f1e-1b68b33e83fd" daemon [_thread_blocked, id=3212, stack(0x000000ec71f00000,0x000000ec72000000) (1024K)]
  0x00000297684e18a0 JavaThread "Start Level: Equinox Container: 0afdfe7c-0bfc-423e-8f1e-1b68b33e83fd" daemon [_thread_blocked, id=15292, stack(0x000000ec72000000,0x000000ec72100000) (1024K)]
  0x0000029768a05c40 JavaThread "Bundle File Closer"         daemon [_thread_blocked, id=15804, stack(0x000000ec72100000,0x000000ec72200000) (1024K)]
  0x0000029768e20bb0 JavaThread "SCR Component Actor"        daemon [_thread_blocked, id=16584, stack(0x000000ec72200000,0x000000ec72300000) (1024K)]
  0x0000029768d10d70 JavaThread "Worker-JM"                         [_thread_blocked, id=13568, stack(0x000000ec72300000,0x000000ec72400000) (1024K)]
  0x0000029768264700 JavaThread "SeedGenerator Thread"       daemon [_thread_blocked, id=4036, stack(0x000000ec72400000,0x000000ec72500000) (1024K)]
  0x00000297682674f0 JavaThread "JNA Cleaner"                daemon [_thread_blocked, id=9224, stack(0x000000ec72700000,0x000000ec72800000) (1024K)]
  0x0000029768264d90 JavaThread "Java indexing"              daemon [_thread_blocked, id=15548, stack(0x000000ec72a00000,0x000000ec72b00000) (1024K)]
  0x00000297682667d0 JavaThread "Worker-2"                          [_thread_blocked, id=10892, stack(0x000000ec72b00000,0x000000ec72c00000) (1024K)]
  0x000002976a9de730 JavaThread "Worker-4"                          [_thread_blocked, id=8708, stack(0x000000ec73000000,0x000000ec73100000) (1024K)]
  0x000002976a9dedc0 JavaThread "pool-2-thread-1"                   [_thread_blocked, id=15644, stack(0x000000ec73200000,0x000000ec73300000) (1024K)]
  0x000002976a9e1520 JavaThread "WorkspaceEventsHandler"            [_thread_blocked, id=10272, stack(0x000000ec73400000,0x000000ec73500000) (1024K)]
  0x000002976a9df450 JavaThread "pool-1-thread-1"                   [_thread_in_native, id=7384, stack(0x000000ec73500000,0x000000ec73600000) (1024K)]
  0x000002976a9e0e90 JavaThread "ForkJoinPool.commonPool-worker-1" daemon [_thread_blocked, id=16852, stack(0x000000ec72500000,0x000000ec72600000) (1024K)]
  0x000002976a9e1bb0 JavaThread "ForkJoinPool.commonPool-worker-2" daemon [_thread_blocked, id=724, stack(0x000000ec72900000,0x000000ec72a00000) (1024K)]
  0x000002976a9e28d0 JavaThread "ForkJoinPool.commonPool-worker-3" daemon [_thread_blocked, id=2224, stack(0x000000ec72f00000,0x000000ec73000000) (1024K)]
  0x000002976a9e2f60 JavaThread "PatternSearchJob-worker-1"  daemon [_thread_blocked, id=4664, stack(0x000000ec73300000,0x000000ec73400000) (1024K)]
  0x000002976a9e35f0 JavaThread "PatternSearchJob-worker-2"  daemon [_thread_blocked, id=14444, stack(0x000000ec73600000,0x000000ec73700000) (1024K)]
  0x000002976a9e0800 JavaThread "PatternSearchJob-worker-3"  daemon [_thread_blocked, id=2632, stack(0x000000ec73700000,0x000000ec73800000) (1024K)]
  0x000002976a9e0170 JavaThread "Compiler Source File Reader" daemon [_thread_blocked, id=16156, stack(0x000000ec73800000,0x000000ec73900000) (1024K)]
  0x000002976a9e5030 JavaThread "Compiler Class File Writer" daemon [_thread_blocked, id=15196, stack(0x000000ec73a00000,0x000000ec73b00000) (1024K)]
  0x000002976a9e56c0 JavaThread "Cleaner-0"                  daemon [_thread_blocked, id=15192, stack(0x000000ec73b00000,0x000000ec73c00000) (1024K)]
  0x000002976a9e3c80 JavaThread "Compiler Source File Reader" daemon [_thread_blocked, id=9792, stack(0x000000ec73c00000,0x000000ec73d00000) (1024K)]
Total: 36

Other Threads:
  0x000002970b5dc820 VMThread "VM Thread"                           [id=15040, stack(0x000000ec70f00000,0x000000ec71000000) (1024K)]
  0x000002970b58a390 WatcherThread "VM Periodic Task Thread"        [id=3556, stack(0x000000ec70e00000,0x000000ec70f00000) (1024K)]
  0x000002970b53cec0 WorkerThread "GC Thread#0"                     [id=5708, stack(0x000000ec70d00000,0x000000ec70e00000) (1024K)]
  0x00000297684af9a0 WorkerThread "GC Thread#1"                     [id=2920, stack(0x000000ec71a00000,0x000000ec71b00000) (1024K)]
  0x0000029763e78b20 WorkerThread "GC Thread#2"                     [id=3688, stack(0x000000ec71b00000,0x000000ec71c00000) (1024K)]
  0x0000029763e4fca0 WorkerThread "GC Thread#3"                     [id=15860, stack(0x000000ec71c00000,0x000000ec71d00000) (1024K)]
Total: 6

Threads with active compile tasks:
Total: 0

VM state: not at safepoint (normal execution)

VM Mutex/Monitor currently owned by a thread: None

OutOfMemory and StackOverflow Exception counts:
OutOfMemoryError java_heap_errors=1
LinkageErrors=126

Heap address: 0x0000000080000000, size: 2048 MB, Compressed Oops mode: 32-bit

CDS archive(s) mapped at: [0x0000029722000000-0x0000029722ba0000-0x0000029722ba0000), size 12189696, SharedBaseAddress: 0x0000029722000000, ArchiveRelocationMode: 1.
Compressed class space mapped at: 0x0000029723000000-0x0000029763000000, reserved size: 1073741824
Narrow klass base: 0x0000029722000000, Narrow klass shift: 0, Narrow klass range: 0x100000000

GC Precious Log:
 CardTable entry size: 512
 CPUs: 4 total, 4 available
 Memory: 3885M
 Large Page Support: Disabled
 NUMA Support: Disabled
 Compressed Oops: Enabled (32-bit)
 Alignments: Space 512K, Generation 512K, Heap 2M
 Heap Min Capacity: 100M
 Heap Initial Capacity: 100M
 Heap Max Capacity: 2G
 Pre-touch: Disabled
 Parallel Workers: 4

Heap:
 PSYoungGen      total 19456K, used 9118K [0x00000000d5580000, 0x00000000d7e80000, 0x0000000100000000)
  eden space 13824K, 25% used [0x00000000d5580000,0x00000000d58ee188,0x00000000d6300000)
  from space 5632K, 99% used [0x00000000d6e00000,0x00000000d7379800,0x00000000d7380000)
  to   space 11264K, 0% used [0x00000000d6300000,0x00000000d6300000,0x00000000d6e00000)
 ParOldGen       total 1398272K, used 50368K [0x0000000080000000, 0x00000000d5580000, 0x00000000d5580000)
  object space 1398272K, 3% used [0x0000000080000000,0x00000000831300c8,0x00000000d5580000)
 Metaspace       used 68739K, committed 70272K, reserved 1114112K
  class space    used 7271K, committed 7936K, reserved 1048576K

Card table byte_map: [0x000002970aec0000,0x000002970b2d0000] _byte_map_base: 0x000002970aac0000

Marking Bits: (ParMarkBitMap*) 0x00007ff98add44a0
 Begin Bits: [0x000002971d9d0000, 0x000002971f9d0000)
 End Bits:   [0x000002971f9d0000, 0x00000297219d0000)

Polling page: 0x0000029709390000

Metaspace:

Usage:
  Non-class:     60.03 MB used.
      Class:      7.10 MB used.
       Both:     67.13 MB used.

Virtual space:
  Non-class space:       64.00 MB reserved,      60.88 MB ( 95%) committed,  1 nodes.
      Class space:        1.00 GB reserved,       7.75 MB ( <1%) committed,  1 nodes.
             Both:        1.06 GB reserved,      68.62 MB (  6%) committed. 

Chunk freelists:
   Non-Class:  3.22 MB
       Class:  8.27 MB
        Both:  11.49 MB

MaxMetaspaceSize: unlimited
CompressedClassSpaceSize: 1.00 GB
Initial GC threshold: 21.00 MB
Current GC threshold: 114.38 MB
CDS: on
 - commit_granule_bytes: 65536.
 - commit_granule_words: 8192.
 - virtual_space_node_default_size: 8388608.
 - enlarge_chunks_in_place: 1.
 - use_allocation_guard: 0.


Internal statistics:

num_allocs_failed_limit: 9.
num_arena_births: 1310.
num_arena_deaths: 388.
num_vsnodes_births: 2.
num_vsnodes_deaths: 0.
num_space_committed: 1098.
num_space_uncommitted: 0.
num_chunks_returned_to_freelist: 459.
num_chunks_taken_from_freelist: 4640.
num_chunk_merges: 128.
num_chunk_splits: 2792.
num_chunks_enlarged: 1571.
num_inconsistent_stats: 0.

CodeHeap 'non-profiled nmethods': size=120000Kb used=5415Kb max_used=6239Kb free=114584Kb
 bounds [0x00000297161f0000, 0x0000029716820000, 0x000002971d720000]
CodeHeap 'profiled nmethods': size=120000Kb used=19404Kb max_used=24987Kb free=100595Kb
 bounds [0x000002970e720000, 0x000002970ff90000, 0x0000029715c50000]
CodeHeap 'non-nmethods': size=5760Kb used=1466Kb max_used=1528Kb free=4293Kb
 bounds [0x0000029715c50000, 0x0000029715ec0000, 0x00000297161f0000]
CodeCache: size=245760Kb, used=26285Kb, max_used=32754Kb, free=219472Kb
 total_blobs=10078, nmethods=9300, adapters=681, full_count=0
Compilation: enabled, stopped_count=0, restarted_count=0

Compilation events (20 events):
Event: 65.131 Thread 0x000002970b490480 nmethod 11685 0x000002970f626910 code [0x000002970f626d60, 0x000002970f629578]
Event: 65.137 Thread 0x000002970b490480 11686       3       java.util.GregorianCalendar::computeFields (85 bytes)
Event: 65.137 Thread 0x000002970b490480 nmethod 11686 0x000002970e825990 code [0x000002970e825b80, 0x000002970e825f38]
Event: 65.143 Thread 0x000002970b490480 11687   !   3       org.eclipse.lsp4j.jsonrpc.RemoteEndpoint::notify (54 bytes)
Event: 65.144 Thread 0x000002970b490480 nmethod 11687 0x000002970ea6fd10 code [0x000002970ea6ff40, 0x000002970ea70828]
Event: 65.256 Thread 0x000002970b415f90 nmethod 11683 0x000002971658b890 code [0x000002971658bd00, 0x000002971658f810]
Event: 65.257 Thread 0x000002970b415f90 11678       4       org.eclipse.jdt.internal.compiler.util.HashtableOfType::getput (126 bytes)
Event: 65.263 Thread 0x000002970b415f90 nmethod 11678 0x0000029716684590 code [0x00000297166847a0, 0x0000029716684f30]
Event: 208.278 Thread 0x000002970b490480 11688       3       java.util.concurrent.ThreadPoolExecutor::runStateAtLeast (11 bytes)
Event: 208.293 Thread 0x000002970b490480 nmethod 11688 0x000002970e86b290 code [0x000002970e86b420, 0x000002970e86b560]
Event: 238.318 Thread 0x000002970b490480 11689       3       java.util.concurrent.Executors$RunnableAdapter::call (14 bytes)
Event: 238.339 Thread 0x000002970b490480 nmethod 11689 0x000002970ea28890 code [0x000002970ea28a40, 0x000002970ea28c28]
Event: 315.788 Thread 0x000002970b490480 11690       3       java.util.HashMap$Node::setValue (12 bytes)
Event: 315.790 Thread 0x000002970b415f90 11693       4       java.util.HashMap::putIfAbsent (13 bytes)
Event: 315.792 Thread 0x000002970b490480 nmethod 11690 0x000002970e88ce10 code [0x000002970e88cfa0, 0x000002970e88d0c8]
Event: 315.792 Thread 0x000002970b490480 11691       3       java.util.HashMap::putVal (300 bytes)
Event: 315.823 Thread 0x000002970b490480 nmethod 11691 0x000002970f2de190 code [0x000002970f2de440, 0x000002970f2df4f8]
Event: 315.823 Thread 0x000002970b490480 11692       3       org.eclipse.core.internal.utils.StringPool::add (50 bytes)
Event: 315.826 Thread 0x000002970b490480 nmethod 11692 0x000002970e97e690 code [0x000002970e97e880, 0x000002970e97ed50]
Event: 315.851 Thread 0x000002970b415f90 nmethod 11693 0x00000297166b3f10 code [0x00000297166b4120, 0x00000297166b48f0]

GC Heap History (20 events):
Event: 52.500 GC heap before
{Heap before GC invocations=46 (full 3):
 PSYoungGen      total 17408K, used 17392K [0x00000000d5580000, 0x00000000d6a00000, 0x0000000100000000)
  eden space 16896K, 100% used [0x00000000d5580000,0x00000000d6600000,0x00000000d6600000)
  from space 512K, 96% used [0x00000000d6980000,0x00000000d69fc010,0x00000000d6a00000)
  to   space 1024K, 0% used [0x00000000d6800000,0x00000000d6800000,0x00000000d6900000)
 ParOldGen       total 68608K, used 49838K [0x0000000080000000, 0x0000000084300000, 0x00000000d5580000)
  object space 68608K, 72% used [0x0000000080000000,0x00000000830ab9a0,0x0000000084300000)
 Metaspace       used 68463K, committed 69952K, reserved 1114112K
  class space    used 7291K, committed 7936K, reserved 1048576K
}
Event: 52.503 GC heap after
{Heap after GC invocations=46 (full 3):
 PSYoungGen      total 17920K, used 541K [0x00000000d5580000, 0x00000000d6a00000, 0x0000000100000000)
  eden space 16896K, 0% used [0x00000000d5580000,0x00000000d5580000,0x00000000d6600000)
  from space 1024K, 52% used [0x00000000d6800000,0x00000000d6887558,0x00000000d6900000)
  to   space 1024K, 0% used [0x00000000d6900000,0x00000000d6900000,0x00000000d6a00000)
 ParOldGen       total 68608K, used 50280K [0x0000000080000000, 0x0000000084300000, 0x00000000d5580000)
  object space 68608K, 73% used [0x0000000080000000,0x000000008311a088,0x0000000084300000)
 Metaspace       used 68463K, committed 69952K, reserved 1114112K
  class space    used 7291K, committed 7936K, reserved 1048576K
}
Event: 57.790 GC heap before
{Heap before GC invocations=47 (full 3):
 PSYoungGen      total 17920K, used 17437K [0x00000000d5580000, 0x00000000d6a00000, 0x0000000100000000)
  eden space 16896K, 100% used [0x00000000d5580000,0x00000000d6600000,0x00000000d6600000)
  from space 1024K, 52% used [0x00000000d6800000,0x00000000d6887558,0x00000000d6900000)
  to   space 1024K, 0% used [0x00000000d6900000,0x00000000d6900000,0x00000000d6a00000)
 ParOldGen       total 68608K, used 50280K [0x0000000080000000, 0x0000000084300000, 0x00000000d5580000)
  object space 68608K, 73% used [0x0000000080000000,0x000000008311a088,0x0000000084300000)
 Metaspace       used 68832K, committed 70272K, reserved 1114112K
  class space    used 7337K, committed 7936K, reserved 1048576K
}
Event: 57.793 GC heap after
{Heap after GC invocations=47 (full 3):
 PSYoungGen      total 17408K, used 256K [0x00000000d5580000, 0x00000000d6980000, 0x0000000100000000)
  eden space 16896K, 0% used [0x00000000d5580000,0x00000000d5580000,0x00000000d6600000)
  from space 512K, 50% used [0x00000000d6900000,0x00000000d6940000,0x00000000d6980000)
  to   space 512K, 0% used [0x00000000d6880000,0x00000000d6880000,0x00000000d6900000)
 ParOldGen       total 68608K, used 50628K [0x0000000080000000, 0x0000000084300000, 0x00000000d5580000)
  object space 68608K, 73% used [0x0000000080000000,0x00000000831713e0,0x0000000084300000)
 Metaspace       used 68832K, committed 70272K, reserved 1114112K
  class space    used 7337K, committed 7936K, reserved 1048576K
}
Event: 59.522 GC heap before
{Heap before GC invocations=48 (full 3):
 PSYoungGen      total 17408K, used 5750K [0x00000000d5580000, 0x00000000d6980000, 0x0000000100000000)
  eden space 16896K, 32% used [0x00000000d5580000,0x00000000d5addad0,0x00000000d6600000)
  from space 512K, 50% used [0x00000000d6900000,0x00000000d6940000,0x00000000d6980000)
  to   space 512K, 0% used [0x00000000d6880000,0x00000000d6880000,0x00000000d6900000)
 ParOldGen       total 1398272K, used 50628K [0x0000000080000000, 0x00000000d5580000, 0x00000000d5580000)
  object space 1398272K, 3% used [0x0000000080000000,0x00000000831713e0,0x00000000d5580000)
 Metaspace       used 68867K, committed 70272K, reserved 1114112K
  class space    used 7339K, committed 7936K, reserved 1048576K
}
Event: 59.527 GC heap after
{Heap after GC invocations=48 (full 3):
 PSYoungGen      total 17408K, used 506K [0x00000000d5580000, 0x00000000d6980000, 0x0000000100000000)
  eden space 16896K, 0% used [0x00000000d5580000,0x00000000d5580000,0x00000000d6600000)
  from space 512K, 99% used [0x00000000d6880000,0x00000000d68feb88,0x00000000d6900000)
  to   space 512K, 0% used [0x00000000d6900000,0x00000000d6900000,0x00000000d6980000)
 ParOldGen       total 1398272K, used 50954K [0x0000000080000000, 0x00000000d5580000, 0x00000000d5580000)
  object space 1398272K, 3% used [0x0000000080000000,0x00000000831c2870,0x00000000d5580000)
 Metaspace       used 68867K, committed 70272K, reserved 1114112K
  class space    used 7339K, committed 7936K, reserved 1048576K
}
Event: 59.527 GC heap before
{Heap before GC invocations=49 (full 3):
 PSYoungGen      total 17408K, used 506K [0x00000000d5580000, 0x00000000d6980000, 0x0000000100000000)
  eden space 16896K, 0% used [0x00000000d5580000,0x00000000d5580000,0x00000000d6600000)
  from space 512K, 99% used [0x00000000d6880000,0x00000000d68feb88,0x00000000d6900000)
  to   space 512K, 0% used [0x00000000d6900000,0x00000000d6900000,0x00000000d6980000)
 ParOldGen       total 1398272K, used 50954K [0x0000000080000000, 0x00000000d5580000, 0x00000000d5580000)
  object space 1398272K, 3% used [0x0000000080000000,0x00000000831c2870,0x00000000d5580000)
 Metaspace       used 68867K, committed 70272K, reserved 1114112K
  class space    used 7339K, committed 7936K, reserved 1048576K
}
Event: 59.528 GC heap after
{Heap after GC invocations=49 (full 3):
 PSYoungGen      total 19968K, used 0K [0x00000000d5580000, 0x00000000d6b00000, 0x0000000100000000)
  eden space 19456K, 0% used [0x00000000d5580000,0x00000000d5580000,0x00000000d6880000)
  from space 512K, 0% used [0x00000000d6900000,0x00000000d6900000,0x00000000d6980000)
  to   space 512K, 0% used [0x00000000d6880000,0x00000000d6880000,0x00000000d6900000)
 ParOldGen       total 1398272K, used 51455K [0x0000000080000000, 0x00000000d5580000, 0x00000000d5580000)
  object space 1398272K, 3% used [0x0000000080000000,0x000000008323fca0,0x00000000d5580000)
 Metaspace       used 68867K, committed 70272K, reserved 1114112K
  class space    used 7339K, committed 7936K, reserved 1048576K
}
Event: 59.528 GC heap before
{Heap before GC invocations=50 (full 4):
 PSYoungGen      total 19968K, used 0K [0x00000000d5580000, 0x00000000d6b00000, 0x0000000100000000)
  eden space 19456K, 0% used [0x00000000d5580000,0x00000000d5580000,0x00000000d6880000)
  from space 512K, 0% used [0x00000000d6900000,0x00000000d6900000,0x00000000d6980000)
  to   space 512K, 0% used [0x00000000d6880000,0x00000000d6880000,0x00000000d6900000)
 ParOldGen       total 1398272K, used 51455K [0x0000000080000000, 0x00000000d5580000, 0x00000000d5580000)
  object space 1398272K, 3% used [0x0000000080000000,0x000000008323fca0,0x00000000d5580000)
 Metaspace       used 68867K, committed 70272K, reserved 1114112K
  class space    used 7339K, committed 7936K, reserved 1048576K
}
Event: 59.695 GC heap after
{Heap after GC invocations=50 (full 4):
 PSYoungGen      total 19968K, used 0K [0x00000000d5580000, 0x00000000d6e00000, 0x0000000100000000)
  eden space 19456K, 0% used [0x00000000d5580000,0x00000000d5580000,0x00000000d6880000)
  from space 512K, 0% used [0x00000000d6880000,0x00000000d6880000,0x00000000d6900000)
  to   space 512K, 0% used [0x00000000d6d80000,0x00000000d6d80000,0x00000000d6e00000)
 ParOldGen       total 72704K, used 46012K [0x0000000080000000, 0x0000000084700000, 0x00000000d5580000)
  object space 72704K, 63% used [0x0000000080000000,0x0000000082cef2d8,0x0000000084700000)
 Metaspace       used 68867K, committed 70272K, reserved 1114112K
  class space    used 7339K, committed 7936K, reserved 1048576K
}
Event: 59.701 GC heap before
{Heap before GC invocations=51 (full 4):
 PSYoungGen      total 19968K, used 0K [0x00000000d5580000, 0x00000000d6e00000, 0x0000000100000000)
  eden space 19456K, 0% used [0x00000000d5580000,0x00000000d5580000,0x00000000d6880000)
  from space 512K, 0% used [0x00000000d6880000,0x00000000d6880000,0x00000000d6900000)
  to   space 512K, 0% used [0x00000000d6d80000,0x00000000d6d80000,0x00000000d6e00000)
 ParOldGen       total 1398272K, used 46012K [0x0000000080000000, 0x00000000d5580000, 0x00000000d5580000)
  object space 1398272K, 3% used [0x0000000080000000,0x0000000082cef2d8,0x00000000d5580000)
 Metaspace       used 68867K, committed 70272K, reserved 1114112K
  class space    used 7339K, committed 7936K, reserved 1048576K
}
Event: 59.702 GC heap after
{Heap after GC invocations=51 (full 4):
 PSYoungGen      total 19968K, used 0K [0x00000000d5580000, 0x00000000d6e00000, 0x0000000100000000)
  eden space 19456K, 0% used [0x00000000d5580000,0x00000000d5580000,0x00000000d6880000)
  from space 512K, 0% used [0x00000000d6d80000,0x00000000d6d80000,0x00000000d6e00000)
  to   space 512K, 0% used [0x00000000d6880000,0x00000000d6880000,0x00000000d6900000)
 ParOldGen       total 1398272K, used 46012K [0x0000000080000000, 0x00000000d5580000, 0x00000000d5580000)
  object space 1398272K, 3% used [0x0000000080000000,0x0000000082cef2d8,0x00000000d5580000)
 Metaspace       used 68867K, committed 70272K, reserved 1114112K
  class space    used 7339K, committed 7936K, reserved 1048576K
}
Event: 59.702 GC heap before
{Heap before GC invocations=52 (full 5):
 PSYoungGen      total 19968K, used 0K [0x00000000d5580000, 0x00000000d6e00000, 0x0000000100000000)
  eden space 19456K, 0% used [0x00000000d5580000,0x00000000d5580000,0x00000000d6880000)
  from space 512K, 0% used [0x00000000d6d80000,0x00000000d6d80000,0x00000000d6e00000)
  to   space 512K, 0% used [0x00000000d6880000,0x00000000d6880000,0x00000000d6900000)
 ParOldGen       total 1398272K, used 46012K [0x0000000080000000, 0x00000000d5580000, 0x00000000d5580000)
  object space 1398272K, 3% used [0x0000000080000000,0x0000000082cef2d8,0x00000000d5580000)
 Metaspace       used 68867K, committed 70272K, reserved 1114112K
  class space    used 7339K, committed 7936K, reserved 1048576K
}
Event: 59.931 GC heap after
{Heap after GC invocations=52 (full 5):
 PSYoungGen      total 19968K, used 0K [0x00000000d5580000, 0x00000000d6e00000, 0x0000000100000000)
  eden space 19456K, 0% used [0x00000000d5580000,0x00000000d5580000,0x00000000d6880000)
  from space 512K, 0% used [0x00000000d6880000,0x00000000d6880000,0x00000000d6900000)
  to   space 512K, 0% used [0x00000000d6d80000,0x00000000d6d80000,0x00000000d6e00000)
 ParOldGen       total 87040K, used 40894K [0x0000000080000000, 0x0000000085500000, 0x00000000d5580000)
  object space 87040K, 46% used [0x0000000080000000,0x00000000827ef9b8,0x0000000085500000)
 Metaspace       used 68536K, committed 70272K, reserved 1114112K
  class space    used 7249K, committed 7936K, reserved 1048576K
}
Event: 62.459 GC heap before
{Heap before GC invocations=53 (full 5):
 PSYoungGen      total 19968K, used 19456K [0x00000000d5580000, 0x00000000d6e00000, 0x0000000100000000)
  eden space 19456K, 100% used [0x00000000d5580000,0x00000000d6880000,0x00000000d6880000)
  from space 512K, 0% used [0x00000000d6880000,0x00000000d6880000,0x00000000d6900000)
  to   space 512K, 0% used [0x00000000d6d80000,0x00000000d6d80000,0x00000000d6e00000)
 ParOldGen       total 1398272K, used 40894K [0x0000000080000000, 0x00000000d5580000, 0x00000000d5580000)
  object space 1398272K, 2% used [0x0000000080000000,0x00000000827ef9b8,0x00000000d5580000)
 Metaspace       used 68610K, committed 70272K, reserved 1114112K
  class space    used 7250K, committed 7936K, reserved 1048576K
}
Event: 62.464 GC heap after
{Heap after GC invocations=53 (full 5):
 PSYoungGen      total 18944K, used 512K [0x00000000d5580000, 0x00000000d7580000, 0x0000000100000000)
  eden space 18432K, 0% used [0x00000000d5580000,0x00000000d5580000,0x00000000d6780000)
  from space 512K, 100% used [0x00000000d6d80000,0x00000000d6e00000,0x00000000d6e00000)
  to   space 6144K, 0% used [0x00000000d6780000,0x00000000d6780000,0x00000000d6d80000)
 ParOldGen       total 1398272K, used 45320K [0x0000000080000000, 0x00000000d5580000, 0x00000000d5580000)
  object space 1398272K, 3% used [0x0000000080000000,0x0000000082c422f0,0x00000000d5580000)
 Metaspace       used 68610K, committed 70272K, reserved 1114112K
  class space    used 7250K, committed 7936K, reserved 1048576K
}
Event: 62.887 GC heap before
{Heap before GC invocations=54 (full 5):
 PSYoungGen      total 18944K, used 18944K [0x00000000d5580000, 0x00000000d7580000, 0x0000000100000000)
  eden space 18432K, 100% used [0x00000000d5580000,0x00000000d6780000,0x00000000d6780000)
  from space 512K, 100% used [0x00000000d6d80000,0x00000000d6e00000,0x00000000d6e00000)
  to   space 6144K, 0% used [0x00000000d6780000,0x00000000d6780000,0x00000000d6d80000)
 ParOldGen       total 1398272K, used 45320K [0x0000000080000000, 0x00000000d5580000, 0x00000000d5580000)
  object space 1398272K, 3% used [0x0000000080000000,0x0000000082c422f0,0x00000000d5580000)
 Metaspace       used 68660K, committed 70272K, reserved 1114112K
  class space    used 7260K, committed 7936K, reserved 1048576K
}
Event: 62.906 GC heap after
{Heap after GC invocations=54 (full 5):
 PSYoungGen      total 24576K, used 5191K [0x00000000d5580000, 0x00000000d7380000, 0x0000000100000000)
  eden space 18432K, 0% used [0x00000000d5580000,0x00000000d5580000,0x00000000d6780000)
  from space 6144K, 84% used [0x00000000d6780000,0x00000000d6c91e78,0x00000000d6d80000)
  to   space 5632K, 0% used [0x00000000d6e00000,0x00000000d6e00000,0x00000000d7380000)
 ParOldGen       total 1398272K, used 45849K [0x0000000080000000, 0x00000000d5580000, 0x00000000d5580000)
  object space 1398272K, 3% used [0x0000000080000000,0x0000000082cc66a8,0x00000000d5580000)
 Metaspace       used 68660K, committed 70272K, reserved 1114112K
  class space    used 7260K, committed 7936K, reserved 1048576K
}
Event: 63.958 GC heap before
{Heap before GC invocations=55 (full 5):
 PSYoungGen      total 24576K, used 23623K [0x00000000d5580000, 0x00000000d7380000, 0x0000000100000000)
  eden space 18432K, 100% used [0x00000000d5580000,0x00000000d6780000,0x00000000d6780000)
  from space 6144K, 84% used [0x00000000d6780000,0x00000000d6c91e78,0x00000000d6d80000)
  to   space 5632K, 0% used [0x00000000d6e00000,0x00000000d6e00000,0x00000000d7380000)
 ParOldGen       total 1398272K, used 45849K [0x0000000080000000, 0x00000000d5580000, 0x00000000d5580000)
  object space 1398272K, 3% used [0x0000000080000000,0x0000000082cc66a8,0x00000000d5580000)
 Metaspace       used 68693K, committed 70272K, reserved 1114112K
  class space    used 7267K, committed 7936K, reserved 1048576K
}
Event: 63.979 GC heap after
{Heap after GC invocations=55 (full 5):
 PSYoungGen      total 19456K, used 5606K [0x00000000d5580000, 0x00000000d7e80000, 0x0000000100000000)
  eden space 13824K, 0% used [0x00000000d5580000,0x00000000d5580000,0x00000000d6300000)
  from space 5632K, 99% used [0x00000000d6e00000,0x00000000d7379800,0x00000000d7380000)
  to   space 11264K, 0% used [0x00000000d6300000,0x00000000d6300000,0x00000000d6e00000)
 ParOldGen       total 1398272K, used 50368K [0x0000000080000000, 0x00000000d5580000, 0x00000000d5580000)
  object space 1398272K, 3% used [0x0000000080000000,0x00000000831300c8,0x00000000d5580000)
 Metaspace       used 68693K, committed 70272K, reserved 1114112K
  class space    used 7267K, committed 7936K, reserved 1048576K
}

Dll operation events (20 events):
Event: 0.062 Attempting to load shared library c:\Users\Aluno.PRCUR-LAB17N.001\.vscode\extensions\redhat.java-1.56.0-win32-x64\jre\21.0.12.1-win32-x86_64\bin\java.dll
Event: 0.062 Loaded shared library c:\Users\Aluno.PRCUR-LAB17N.001\.vscode\extensions\redhat.java-1.56.0-win32-x64\jre\21.0.12.1-win32-x86_64\bin\java.dll
Event: 0.274 Attempting to load shared library c:\Users\Aluno.PRCUR-LAB17N.001\.vscode\extensions\redhat.java-1.56.0-win32-x64\jre\21.0.12.1-win32-x86_64\bin\zip.dll
Event: 0.275 Loaded shared library c:\Users\Aluno.PRCUR-LAB17N.001\.vscode\extensions\redhat.java-1.56.0-win32-x64\jre\21.0.12.1-win32-x86_64\bin\zip.dll
Event: 0.308 Attempting to load shared library C:\Users\Aluno.PRCUR-LAB17N.001\.vscode\extensions\redhat.java-1.56.0-win32-x64\jre\21.0.12.1-win32-x86_64\bin\instrument.dll
Event: 0.308 Loaded shared library C:\Users\Aluno.PRCUR-LAB17N.001\.vscode\extensions\redhat.java-1.56.0-win32-x64\jre\21.0.12.1-win32-x86_64\bin\instrument.dll
Event: 0.313 Attempting to load shared library C:\Users\Aluno.PRCUR-LAB17N.001\.vscode\extensions\redhat.java-1.56.0-win32-x64\jre\21.0.12.1-win32-x86_64\bin\net.dll
Event: 0.325 Loaded shared library C:\Users\Aluno.PRCUR-LAB17N.001\.vscode\extensions\redhat.java-1.56.0-win32-x64\jre\21.0.12.1-win32-x86_64\bin\net.dll
Event: 0.328 Attempting to load shared library C:\Users\Aluno.PRCUR-LAB17N.001\.vscode\extensions\redhat.java-1.56.0-win32-x64\jre\21.0.12.1-win32-x86_64\bin\nio.dll
Event: 0.328 Loaded shared library C:\Users\Aluno.PRCUR-LAB17N.001\.vscode\extensions\redhat.java-1.56.0-win32-x64\jre\21.0.12.1-win32-x86_64\bin\nio.dll
Event: 0.343 Attempting to load shared library C:\Users\Aluno.PRCUR-LAB17N.001\.vscode\extensions\redhat.java-1.56.0-win32-x64\jre\21.0.12.1-win32-x86_64\bin\zip.dll
Event: 0.343 Loaded shared library C:\Users\Aluno.PRCUR-LAB17N.001\.vscode\extensions\redhat.java-1.56.0-win32-x64\jre\21.0.12.1-win32-x86_64\bin\zip.dll
Event: 0.443 Attempting to load shared library C:\Users\Aluno.PRCUR-LAB17N.001\.vscode\extensions\redhat.java-1.56.0-win32-x64\jre\21.0.12.1-win32-x86_64\bin\jimage.dll
Event: 0.443 Loaded shared library C:\Users\Aluno.PRCUR-LAB17N.001\.vscode\extensions\redhat.java-1.56.0-win32-x64\jre\21.0.12.1-win32-x86_64\bin\jimage.dll
Event: 1.123 Attempting to load shared library c:\Users\Aluno.PRCUR-LAB17N.001\.vscode\extensions\redhat.java-1.56.0-win32-x64\jre\21.0.12.1-win32-x86_64\bin\verify.dll
Event: 1.124 Loaded shared library c:\Users\Aluno.PRCUR-LAB17N.001\.vscode\extensions\redhat.java-1.56.0-win32-x64\jre\21.0.12.1-win32-x86_64\bin\verify.dll
Event: 3.321 Attempting to load shared library C:\Users\Aluno.PRCUR-LAB17N.001\AppData\Roaming\Code\User\globalStorage\redhat.java\1.56.0\config_win\org.eclipse.equinox.launcher\org.eclipse.equinox.launcher.win32.win32.x86_64_1.3.100.v20260804-1928\eclipse_11924.dll
Event: 3.327 Loaded shared library C:\Users\Aluno.PRCUR-LAB17N.001\AppData\Roaming\Code\User\globalStorage\redhat.java\1.56.0\config_win\org.eclipse.equinox.launcher\org.eclipse.equinox.launcher.win32.win32.x86_64_1.3.100.v20260804-1928\eclipse_11924.dll
Event: 15.175 Attempting to load shared library C:\Users\Aluno.PRCUR-LAB17N.001\AppData\Local\Temp\jna-63362251\jna1639922967144134638.dll
Event: 15.183 Loaded shared library C:\Users\Aluno.PRCUR-LAB17N.001\AppData\Local\Temp\jna-63362251\jna1639922967144134638.dll

Deoptimization events (20 events):
Event: 63.403 Thread 0x000002976a9df450 DEOPT PACKING pc=0x00000297163a7708 sp=0x000000ec735fd3d0
Event: 63.403 Thread 0x000002976a9df450 DEOPT UNPACKING pc=0x0000029715ca6da2 sp=0x000000ec735fd360 mode 2
Event: 63.481 Thread 0x000002976a9df450 DEOPT PACKING pc=0x000002970f975372 sp=0x000000ec735fd2d0
Event: 63.481 Thread 0x000002976a9df450 DEOPT UNPACKING pc=0x0000029715ca78e2 sp=0x000000ec735fc848 mode 0
Event: 63.488 Thread 0x000002976a9df450 Uncommon trap: trap_request=0xffffff45 fr.pc=0x000002971663aa18 relative=0x0000000000001a78
Event: 63.488 Thread 0x000002976a9df450 Uncommon trap: reason=unstable_if action=reinterpret pc=0x000002971663aa18 method=org.eclipse.jdt.core.Signature.getTypeParameters([C)[[C @ 128 c2
Event: 63.488 Thread 0x000002976a9df450 DEOPT PACKING pc=0x000002971663aa18 sp=0x000000ec735fd3c0
Event: 63.488 Thread 0x000002976a9df450 DEOPT UNPACKING pc=0x0000029715ca6da2 sp=0x000000ec735fd318 mode 2
Event: 63.659 Thread 0x000002976a9df450 DEOPT PACKING pc=0x000002970f975372 sp=0x000000ec735fd2d0
Event: 63.659 Thread 0x000002976a9df450 DEOPT UNPACKING pc=0x0000029715ca78e2 sp=0x000000ec735fc848 mode 0
Event: 63.674 Thread 0x000002976a9df450 DEOPT PACKING pc=0x000002970f975372 sp=0x000000ec735fd2d0
Event: 63.674 Thread 0x000002976a9df450 DEOPT UNPACKING pc=0x0000029715ca78e2 sp=0x000000ec735fc848 mode 0
Event: 63.946 Thread 0x000002976a9df450 DEOPT PACKING pc=0x000002970f975372 sp=0x000000ec735fd2d0
Event: 63.946 Thread 0x000002976a9df450 DEOPT UNPACKING pc=0x0000029715ca78e2 sp=0x000000ec735fc848 mode 0
Event: 63.954 Thread 0x000002976a9df450 DEOPT PACKING pc=0x000002970f975372 sp=0x000000ec735fd2d0
Event: 63.954 Thread 0x000002976a9df450 DEOPT UNPACKING pc=0x0000029715ca78e2 sp=0x000000ec735fc848 mode 0
Event: 315.781 Thread 0x000002976a9de730 Uncommon trap: trap_request=0xffffff45 fr.pc=0x0000029716606020 relative=0x0000000000000600
Event: 315.781 Thread 0x000002976a9de730 Uncommon trap: reason=unstable_if action=reinterpret pc=0x0000029716606020 method=java.util.HashMap.putVal(ILjava/lang/Object;Ljava/lang/Object;ZZ)Ljava/lang/Object; @ 236 c2
Event: 315.782 Thread 0x000002976a9de730 DEOPT PACKING pc=0x0000029716606020 sp=0x000000ec730fea90
Event: 315.782 Thread 0x000002976a9de730 DEOPT UNPACKING pc=0x0000029715ca6da2 sp=0x000000ec730fea08 mode 2

Classes loaded (20 events):
Event: 33.098 Loading class sun/util/resources/cldr/TimeZoneNames_en_US
Event: 33.098 Loading class sun/util/resources/cldr/TimeZoneNames_en_US done
Event: 33.102 Loading class sun/util/cldr/CLDRBaseLocaleDataMetaInfo$TZCanonicalIDMapHolder
Event: 33.104 Loading class sun/util/cldr/CLDRBaseLocaleDataMetaInfo$TZCanonicalIDMapHolder done
Event: 33.106 Loading class sun/util/resources/TimeZoneNames
Event: 33.108 Loading class sun/util/resources/TimeZoneNames done
Event: 33.108 Loading class sun/util/resources/TimeZoneNames_en
Event: 33.108 Loading class sun/util/resources/TimeZoneNames_en done
Event: 36.244 Loading class java/lang/Throwable$WrappedPrintWriter
Event: 36.244 Loading class java/lang/Throwable$PrintStreamOrWriter
Event: 36.245 Loading class java/lang/Throwable$PrintStreamOrWriter done
Event: 36.245 Loading class java/lang/Throwable$WrappedPrintWriter done
Event: 51.361 Loading class java/util/regex/Pattern$Behind
Event: 51.361 Loading class java/util/regex/Pattern$Behind done
Event: 51.362 Loading class java/util/regex/Pattern$Neg
Event: 51.362 Loading class java/util/regex/Pattern$Neg done
Event: 62.530 Loading class java/lang/StackStreamFactory$CallerClassFinder
Event: 62.530 Loading class java/lang/StackStreamFactory$CallerClassFinder done
Event: 62.530 Loading class java/lang/StackStreamFactory$CallerClassFinder$ClassBuffer
Event: 62.531 Loading class java/lang/StackStreamFactory$CallerClassFinder$ClassBuffer done

Classes unloaded (20 events):
Event: 59.729 Thread 0x000002970b5dc820 Unloading class 0x0000029723014800 'java/lang/invoke/LambdaForm$MH+0x0000029723014800'
Event: 59.729 Thread 0x000002970b5dc820 Unloading class 0x000002972300d800 'java/lang/invoke/LambdaForm$MH+0x000002972300d800'
Event: 59.729 Thread 0x000002970b5dc820 Unloading class 0x000002972300d400 'java/lang/invoke/LambdaForm$MH+0x000002972300d400'
Event: 59.729 Thread 0x000002970b5dc820 Unloading class 0x000002972300d000 'java/lang/invoke/LambdaForm$MH+0x000002972300d000'
Event: 59.729 Thread 0x000002970b5dc820 Unloading class 0x000002972300cc00 'java/lang/invoke/LambdaForm$MH+0x000002972300cc00'
Event: 59.729 Thread 0x000002970b5dc820 Unloading class 0x000002972300c800 'java/lang/invoke/LambdaForm$BMH+0x000002972300c800'
Event: 59.729 Thread 0x000002970b5dc820 Unloading class 0x000002972300c000 'java/lang/invoke/LambdaForm$DMH+0x000002972300c000'
Event: 59.729 Thread 0x000002970b5dc820 Unloading class 0x0000029723008c00 'java/lang/invoke/LambdaForm$MH+0x0000029723008c00'
Event: 59.729 Thread 0x000002970b5dc820 Unloading class 0x0000029723008800 'java/lang/invoke/LambdaForm$MH+0x0000029723008800'
Event: 59.729 Thread 0x000002970b5dc820 Unloading class 0x0000029723008400 'java/lang/invoke/LambdaForm$MH+0x0000029723008400'
Event: 59.729 Thread 0x000002970b5dc820 Unloading class 0x0000029723007000 'java/lang/invoke/LambdaForm$MH+0x0000029723007000'
Event: 59.729 Thread 0x000002970b5dc820 Unloading class 0x0000029723006800 'java/lang/invoke/LambdaForm$MH+0x0000029723006800'
Event: 59.729 Thread 0x000002970b5dc820 Unloading class 0x0000029723006400 'java/lang/invoke/LambdaForm$MH+0x0000029723006400'
Event: 59.729 Thread 0x000002970b5dc820 Unloading class 0x0000029723006000 'java/lang/invoke/LambdaForm$MH+0x0000029723006000'
Event: 59.729 Thread 0x000002970b5dc820 Unloading class 0x0000029723005c00 'java/lang/invoke/LambdaForm$BMH+0x0000029723005c00'
Event: 59.729 Thread 0x000002970b5dc820 Unloading class 0x0000029723004800 'java/lang/invoke/LambdaForm$DMH+0x0000029723004800'
Event: 59.729 Thread 0x000002970b5dc820 Unloading class 0x0000029723002400 'java/lang/invoke/LambdaForm$MH+0x0000029723002400'
Event: 59.729 Thread 0x000002970b5dc820 Unloading class 0x0000029723002000 'java/lang/invoke/LambdaForm$MH+0x0000029723002000'
Event: 59.729 Thread 0x000002970b5dc820 Unloading class 0x0000029723001800 'java/lang/invoke/LambdaForm$MH+0x0000029723001800'
Event: 59.729 Thread 0x000002970b5dc820 Unloading class 0x0000029723000400 'java/lang/invoke/LambdaForm$MH+0x0000029723000400'

Classes redefined (0 events):
No events

Internal exceptions (20 events):
Event: 53.883 Thread 0x000002976a9e0e90 Exception <a 'java/lang/ArrayIndexOutOfBoundsException'{0x00000000d5bfde98}> (0x00000000d5bfde98) 
thrown [s\src\hotspot\share\runtime\sharedRuntime.cpp, line 625]
Event: 53.908 Thread 0x000002976a9e28d0 Exception <a 'java/lang/ArrayIndexOutOfBoundsException'{0x00000000d5cdd350}> (0x00000000d5cdd350) 
thrown [s\src\hotspot\share\runtime\sharedRuntime.cpp, line 625]
Event: 55.081 Thread 0x0000029768264d90 Exception <a 'java/io/FileNotFoundException'{0x00000000d5e5ee50}> (0x00000000d5e5ee50) 
thrown [s\src\hotspot\share\prims\jni.cpp, line 520]
Event: 55.236 Thread 0x0000029768264d90 Exception <a 'java/io/FileNotFoundException'{0x00000000d5f67480}> (0x00000000d5f67480) 
thrown [s\src\hotspot\share\prims\jni.cpp, line 520]
Event: 55.259 Thread 0x0000029768264d90 Exception <a 'java/io/FileNotFoundException'{0x00000000d5fa42b0}> (0x00000000d5fa42b0) 
thrown [s\src\hotspot\share\prims\jni.cpp, line 520]
Event: 58.647 Thread 0x0000029768264d90 Exception <a 'java/io/FileNotFoundException'{0x00000000d563c418}> (0x00000000d563c418) 
thrown [s\src\hotspot\share\prims\jni.cpp, line 520]
Event: 58.692 Thread 0x0000029768264d90 Exception <a 'java/io/FileNotFoundException'{0x00000000d5739680}> (0x00000000d5739680) 
thrown [s\src\hotspot\share\prims\jni.cpp, line 520]
Event: 58.978 Thread 0x000002976a9df450 Exception <a 'java/lang/ArrayIndexOutOfBoundsException'{0x00000000d5869ab8}> (0x00000000d5869ab8) 
thrown [s\src\hotspot\share\runtime\sharedRuntime.cpp, line 625]
Event: 58.981 Thread 0x000002976a9df450 Exception <a 'java/lang/ArrayIndexOutOfBoundsException'{0x00000000d588c7e8}> (0x00000000d588c7e8) 
thrown [s\src\hotspot\share\runtime\sharedRuntime.cpp, line 625]
Event: 58.981 Thread 0x000002976a9df450 Exception <a 'java/lang/ArrayIndexOutOfBoundsException'{0x00000000d588dda0}> (0x00000000d588dda0) 
thrown [s\src\hotspot\share\runtime\sharedRuntime.cpp, line 625]
Event: 58.981 Thread 0x000002976a9df450 Exception <a 'java/lang/ArrayIndexOutOfBoundsException'{0x00000000d588e378}> (0x00000000d588e378) 
thrown [s\src\hotspot\share\runtime\sharedRuntime.cpp, line 625]
Event: 59.942 Thread 0x0000029768265420 Implicit null exception at 0x000002971668bfe8 to 0x000002971668c0d8
Event: 59.944 Thread 0x0000029768265420 Implicit null exception at 0x00000297165d148e to 0x00000297165d1535
Event: 60.068 Thread 0x0000029768265420 Exception <a 'java/lang/NoSuchMethodError'{0x00000000d59865e8}: 'void java.lang.invoke.DelegatingMethodHandle$Holder.reinvoke_L(java.lang.Object, java.lang.Object, int)'> (0x00000000d59865e8) 
thrown [s\src\hotspot\share\interpreter\linkResolver.cpp, line 773]
Event: 62.452 Thread 0x0000029768264d90 Exception <a 'java/lang/OutOfMemoryError'{0x0000000080270140}> (0x0000000080270140) 
thrown [s\src\hotspot\share\gc\shared\memAllocator.cpp, line 136]
Event: 62.498 Thread 0x0000029768264d90 Implicit null exception at 0x0000029716764539 to 0x00000297167647b0
Event: 62.529 Thread 0x0000029768264d90 Exception <a 'java/lang/NoSuchMethodError'{0x00000000d5bb4be0}: 'java.lang.Object java.lang.invoke.DirectMethodHandle$Holder.invokeSpecial(java.lang.Object, java.lang.Object, java.lang.Object, int, int)'> (0x00000000d5bb4be0) 
thrown [s\src\hotspot\share\interpreter\linkResolver.cpp, line 773]
Event: 62.529 Thread 0x0000029768264d90 Exception <a 'java/lang/NoSuchMethodError'{0x00000000d5bb84d0}: 'java.lang.Object java.lang.invoke.Invokers$Holder.linkToTargetMethod(java.lang.Object, int, int, java.lang.Object)'> (0x00000000d5bb84d0) 
thrown [s\src\hotspot\share\interpreter\linkResolver.cpp, line 773]
Event: 63.490 Thread 0x0000029768264d90 Exception <a 'java/io/FileNotFoundException'{0x00000000d5db7fb8}> (0x00000000d5db7fb8) 
thrown [s\src\hotspot\share\prims\jni.cpp, line 520]
Event: 63.660 Thread 0x0000029768264d90 Exception <a 'java/io/FileNotFoundException'{0x00000000d5fc5658}> (0x00000000d5fc5658) 
thrown [s\src\hotspot\share\prims\jni.cpp, line 520]

ZGC Phase Switch (0 events):
No events

VM Operations (20 events):
Event: 63.669 Executing non-safepoint VM operation: HandshakeAllThreads (Deoptimize)
Event: 63.669 Executing non-safepoint VM operation: HandshakeAllThreads (Deoptimize) done
Event: 63.958 Executing safepoint VM operation: ParallelGCFailedAllocation (Allocation Failure)
Event: 63.979 Executing safepoint VM operation: ParallelGCFailedAllocation (Allocation Failure) done
Event: 64.990 Executing safepoint VM operation: Cleanup
Event: 64.990 Executing safepoint VM operation: Cleanup done
Event: 65.990 Executing safepoint VM operation: Cleanup
Event: 65.990 Executing safepoint VM operation: Cleanup done
Event: 122.068 Executing non-safepoint VM operation: HandshakeAllThreads (HandshakeForDeflation)
Event: 122.070 Executing non-safepoint VM operation: HandshakeAllThreads (HandshakeForDeflation) done
Event: 122.070 Executing non-safepoint VM operation: RendezvousGCThreads
Event: 122.070 Executing non-safepoint VM operation: RendezvousGCThreads done
Event: 182.072 Executing non-safepoint VM operation: HandshakeAllThreads (HandshakeForDeflation)
Event: 182.073 Executing non-safepoint VM operation: HandshakeAllThreads (HandshakeForDeflation) done
Event: 182.073 Executing non-safepoint VM operation: RendezvousGCThreads
Event: 182.073 Executing non-safepoint VM operation: RendezvousGCThreads done
Event: 243.472 Executing safepoint VM operation: Cleanup
Event: 243.477 Executing safepoint VM operation: Cleanup done
Event: 248.512 Executing safepoint VM operation: Cleanup
Event: 248.512 Executing safepoint VM operation: Cleanup done

Memory protections (0 events):
No events

Nmethod flushes (20 events):
Event: 59.764 Thread 0x000002970b5dc820 flushing  nmethod 0x000002970fbd9d90
Event: 59.764 Thread 0x000002970b5dc820 flushing  nmethod 0x000002970fbfd890
Event: 59.764 Thread 0x000002970b5dc820 flushing  nmethod 0x000002970fc02f10
Event: 59.764 Thread 0x000002970b5dc820 flushing  nmethod 0x000002970fc1f290
Event: 59.764 Thread 0x000002970b5dc820 flushing  nmethod 0x000002970fc67090
Event: 59.764 Thread 0x000002970b5dc820 flushing  nmethod 0x000002970fc73c90
Event: 59.764 Thread 0x000002970b5dc820 flushing  nmethod 0x000002970fc7f610
Event: 59.764 Thread 0x000002970b5dc820 flushing  nmethod 0x000002970fd09590
Event: 59.764 Thread 0x000002970b5dc820 flushing  nmethod 0x000002970fd31390
Event: 59.764 Thread 0x000002970b5dc820 flushing  nmethod 0x000002970fd43510
Event: 59.764 Thread 0x000002970b5dc820 flushing  nmethod 0x000002970fd45c10
Event: 59.764 Thread 0x000002970b5dc820 flushing  nmethod 0x000002970fdab190
Event: 59.764 Thread 0x000002970b5dc820 flushing  nmethod 0x000002970fdc8210
Event: 59.764 Thread 0x000002970b5dc820 flushing  nmethod 0x000002970fddb290
Event: 59.764 Thread 0x000002970b5dc820 flushing  nmethod 0x000002970fde0090
Event: 59.764 Thread 0x000002970b5dc820 flushing  nmethod 0x000002970fe16290
Event: 59.764 Thread 0x000002970b5dc820 flushing  nmethod 0x000002970fe1ec90
Event: 59.764 Thread 0x000002970b5dc820 flushing  nmethod 0x000002970fe1f690
Event: 59.764 Thread 0x000002970b5dc820 flushing  nmethod 0x000002970fe83810
Event: 59.764 Thread 0x000002970b5dc820 flushing  nmethod 0x000002970ff7c690

Events (20 events):
Event: 22.886 Thread 0x000002976a9e28d0 Thread exited: 0x000002976a9e28d0
Event: 23.678 Thread 0x000002976a9e35f0 Thread exited: 0x000002976a9e35f0
Event: 23.795 Thread 0x000002976a9e0800 Thread exited: 0x000002976a9e0800
Event: 24.813 Thread 0x000002976a9e2f60 Thread exited: 0x000002976a9e2f60
Event: 24.880 Thread 0x000002976a9df450 Thread added: 0x000002976a9e0e90
Event: 24.894 Thread 0x000002976a9e0e90 Thread added: 0x000002976a9e1bb0
Event: 24.898 Thread 0x000002976a9e1bb0 Thread added: 0x000002976a9e28d0
Event: 25.338 Thread 0x000002976a9df450 Thread added: 0x000002976a9e2f60
Event: 25.342 Thread 0x000002976a9e1bb0 Thread added: 0x000002976a9e35f0
Event: 25.342 Thread 0x000002976a9e0e90 Thread added: 0x000002976a9e0800
Event: 26.454 Thread 0x00000297682667d0 Thread added: 0x000002976a9e0170
Event: 26.481 Thread 0x00000297682667d0 Thread added: 0x000002976a9e4310
Event: 26.542 Thread 0x00000297682667d0 Thread added: 0x000002976a9e5030
Event: 26.936 Thread 0x000002976a9e1bb0 Thread added: 0x000002976a9e56c0
Event: 30.432 Thread 0x000002976a9de730 Thread added: 0x000002976a9e3c80
Event: 118.910 Thread 0x000002976a9e4310 Thread exited: 0x000002976a9e4310
Event: 125.046 Thread 0x0000029768266140 Thread exited: 0x0000029768266140
Event: 125.052 Thread 0x0000029768266e60 Thread exited: 0x0000029768266e60
Event: 125.162 Thread 0x0000029768265420 Thread exited: 0x0000029768265420
Event: 125.331 Thread 0x000002976a9e2240 Thread exited: 0x000002976a9e2240


Dynamic libraries:
0x00007ff783fc0000 - 0x00007ff783fce000 	c:\Users\Aluno.PRCUR-LAB17N.001\.vscode\extensions\redhat.java-1.56.0-win32-x64\jre\21.0.12.1-win32-x86_64\bin\java.exe
0x00007ffa41200000 - 0x00007ffa41467000 	C:\WINDOWS\SYSTEM32\ntdll.dll
0x00007ffa40f10000 - 0x00007ffa40fd9000 	C:\WINDOWS\System32\KERNEL32.DLL
0x00007ffa3e730000 - 0x00007ffa3eb1f000 	C:\WINDOWS\System32\KERNELBASE.dll
0x00007ffa3ed60000 - 0x00007ffa3eeab000 	C:\WINDOWS\System32\ucrtbase.dll
0x00007ff9b13e0000 - 0x00007ff9b13f8000 	c:\Users\Aluno.PRCUR-LAB17N.001\.vscode\extensions\redhat.java-1.56.0-win32-x64\jre\21.0.12.1-win32-x86_64\bin\jli.dll
0x00007ffa40c70000 - 0x00007ffa40e35000 	C:\WINDOWS\System32\USER32.dll
0x00007ffa3ef70000 - 0x00007ffa3ef97000 	C:\WINDOWS\System32\win32u.dll
0x00007ffa409c0000 - 0x00007ffa409eb000 	C:\WINDOWS\System32\GDI32.dll
0x00007ffa3e3e0000 - 0x00007ffa3e50c000 	C:\WINDOWS\System32\gdi32full.dll
0x00007ffa3eb30000 - 0x00007ffa3ebd3000 	C:\WINDOWS\System32\msvcp_win.dll
0x00007ff9b1400000 - 0x00007ff9b141e000 	c:\Users\Aluno.PRCUR-LAB17N.001\.vscode\extensions\redhat.java-1.56.0-win32-x64\jre\21.0.12.1-win32-x86_64\bin\VCRUNTIME140.dll
0x00007ffa2c6a0000 - 0x00007ffa2c933000 	C:\WINDOWS\WinSxS\amd64_microsoft.windows.common-controls_6595b64144ccf1df_6.0.26100.7309_none_3e05feeae336a044\COMCTL32.dll
0x00007ffa40ae0000 - 0x00007ffa40b89000 	C:\WINDOWS\System32\msvcrt.dll
0x00007ffa40c30000 - 0x00007ffa40c61000 	C:\WINDOWS\System32\IMM32.DLL
0x00007ffa05370000 - 0x00007ffa0537c000 	c:\Users\Aluno.PRCUR-LAB17N.001\.vscode\extensions\redhat.java-1.56.0-win32-x64\jre\21.0.12.1-win32-x86_64\bin\vcruntime140_1.dll
0x00007ff9b12b0000 - 0x00007ff9b133d000 	c:\Users\Aluno.PRCUR-LAB17N.001\.vscode\extensions\redhat.java-1.56.0-win32-x64\jre\21.0.12.1-win32-x86_64\bin\msvcp140.dll
0x00007ff98a110000 - 0x00007ff98aeb2000 	c:\Users\Aluno.PRCUR-LAB17N.001\.vscode\extensions\redhat.java-1.56.0-win32-x64\jre\21.0.12.1-win32-x86_64\bin\server\jvm.dll
0x00007ffa3efa0000 - 0x00007ffa3f054000 	C:\WINDOWS\System32\ADVAPI32.dll
0x00007ffa3f1f0000 - 0x00007ffa3f296000 	C:\WINDOWS\System32\sechost.dll
0x00007ffa40620000 - 0x00007ffa40738000 	C:\WINDOWS\System32\RPCRT4.dll
0x00007ffa3f730000 - 0x00007ffa3f7a4000 	C:\WINDOWS\System32\WS2_32.dll
0x00007ffa3e1d0000 - 0x00007ffa3e22e000 	C:\WINDOWS\SYSTEM32\POWRPROF.dll
0x00007ffa32030000 - 0x00007ffa3203b000 	C:\WINDOWS\SYSTEM32\VERSION.dll
0x00007ffa283c0000 - 0x00007ffa283f5000 	C:\WINDOWS\SYSTEM32\WINMM.dll
0x00007ffa3e1b0000 - 0x00007ffa3e1c4000 	C:\WINDOWS\SYSTEM32\UMPDC.dll
0x00007ffa3d100000 - 0x00007ffa3d11b000 	C:\WINDOWS\SYSTEM32\kernel.appcore.dll
0x00007ffa035d0000 - 0x00007ffa035da000 	c:\Users\Aluno.PRCUR-LAB17N.001\.vscode\extensions\redhat.java-1.56.0-win32-x64\jre\21.0.12.1-win32-x86_64\bin\jimage.dll
0x00007ffa20d40000 - 0x00007ffa20f82000 	C:\WINDOWS\SYSTEM32\DBGHELP.DLL
0x00007ffa400b0000 - 0x00007ffa40436000 	C:\WINDOWS\System32\combase.dll
0x00007ffa40a00000 - 0x00007ffa40ad6000 	C:\WINDOWS\System32\OLEAUT32.dll
0x00007ffa1bc80000 - 0x00007ffa1bcbc000 	C:\WINDOWS\SYSTEM32\dbgcore.DLL
0x00007ffa3e680000 - 0x00007ffa3e725000 	C:\WINDOWS\System32\bcryptPrimitives.dll
0x00007ff9e7ae0000 - 0x00007ff9e7aef000 	c:\Users\Aluno.PRCUR-LAB17N.001\.vscode\extensions\redhat.java-1.56.0-win32-x64\jre\21.0.12.1-win32-x86_64\bin\instrument.dll
0x00007ff9b13c0000 - 0x00007ff9b13e0000 	c:\Users\Aluno.PRCUR-LAB17N.001\.vscode\extensions\redhat.java-1.56.0-win32-x64\jre\21.0.12.1-win32-x86_64\bin\java.dll
0x00007ffa3f860000 - 0x00007ffa3ffb3000 	C:\WINDOWS\System32\SHELL32.dll
0x00007ffa3e510000 - 0x00007ffa3e67a000 	C:\WINDOWS\System32\wintypes.dll
0x00007ffa3bf90000 - 0x00007ffa3c7ee000 	C:\WINDOWS\SYSTEM32\windows.storage.dll
0x00007ffa40840000 - 0x00007ffa40935000 	C:\WINDOWS\System32\SHCORE.dll
0x00007ffa40040000 - 0x00007ffa400a6000 	C:\WINDOWS\System32\shlwapi.dll
0x00007ffa3e270000 - 0x00007ffa3e299000 	C:\WINDOWS\SYSTEM32\profapi.dll
0x00007ff9af320000 - 0x00007ff9af338000 	c:\Users\Aluno.PRCUR-LAB17N.001\.vscode\extensions\redhat.java-1.56.0-win32-x64\jre\21.0.12.1-win32-x86_64\bin\zip.dll
0x00007ff9dd7b0000 - 0x00007ff9dd7c0000 	C:\Users\Aluno.PRCUR-LAB17N.001\.vscode\extensions\redhat.java-1.56.0-win32-x64\jre\21.0.12.1-win32-x86_64\bin\net.dll
0x00007ffa320e0000 - 0x00007ffa32208000 	C:\WINDOWS\SYSTEM32\WINHTTP.dll
0x00007ffa3d670000 - 0x00007ffa3d6db000 	C:\WINDOWS\system32\mswsock.dll
0x00007ff9af300000 - 0x00007ff9af316000 	C:\Users\Aluno.PRCUR-LAB17N.001\.vscode\extensions\redhat.java-1.56.0-win32-x64\jre\21.0.12.1-win32-x86_64\bin\nio.dll
0x00007ff9dd760000 - 0x00007ff9dd770000 	c:\Users\Aluno.PRCUR-LAB17N.001\.vscode\extensions\redhat.java-1.56.0-win32-x64\jre\21.0.12.1-win32-x86_64\bin\verify.dll
0x00007ff9af260000 - 0x00007ff9af2a5000 	C:\Users\Aluno.PRCUR-LAB17N.001\AppData\Roaming\Code\User\globalStorage\redhat.java\1.56.0\config_win\org.eclipse.equinox.launcher\org.eclipse.equinox.launcher.win32.win32.x86_64_1.3.100.v20260804-1928\eclipse_11924.dll
0x00007ffa40440000 - 0x00007ffa405d7000 	C:\WINDOWS\System32\ole32.dll
0x00007ffa3d930000 - 0x00007ffa3d94b000 	C:\WINDOWS\SYSTEM32\CRYPTSP.dll
0x00007ffa3d060000 - 0x00007ffa3d09a000 	C:\WINDOWS\system32\rsaenh.dll
0x00007ffa3d720000 - 0x00007ffa3d74b000 	C:\WINDOWS\SYSTEM32\USERENV.dll
0x00007ffa3cb10000 - 0x00007ffa3cb44000 	C:\WINDOWS\SYSTEM32\IPHLPAPI.DLL
0x00007ffa409f0000 - 0x00007ffa409fa000 	C:\WINDOWS\System32\NSI.dll
0x00007ff9db740000 - 0x00007ff9db789000 	C:\Users\Aluno.PRCUR-LAB17N.001\AppData\Local\Temp\jna-63362251\jna1639922967144134638.dll
0x00007ffa40b90000 - 0x00007ffa40b98000 	C:\WINDOWS\System32\PSAPI.DLL
0x00007ffa320b0000 - 0x00007ffa320ce000 	C:\WINDOWS\SYSTEM32\dhcpcsvc6.DLL
0x00007ffa32080000 - 0x00007ffa320a3000 	C:\WINDOWS\SYSTEM32\dhcpcsvc.DLL

JVMTI agents:
c:\Users\Aluno.PRCUR-LAB17N.001\.vscode\extensions\redhat.java-1.56.0-win32-x64\lombok\lombok-1.18.39-4050.jar path:c:\Users\Aluno.PRCUR-LAB17N.001\.vscode\extensions\redhat.java-1.56.0-win32-x64\jre\21.0.12.1-win32-x86_64\bin\instrument.dll, loaded, initialized, instrumentlib options:none

dbghelp: loaded successfully - version: 4.0.5 - missing functions: none
symbol engine: initialized successfully - sym options: 0x614 - pdb path: .;c:\Users\Aluno.PRCUR-LAB17N.001\.vscode\extensions\redhat.java-1.56.0-win32-x64\jre\21.0.12.1-win32-x86_64\bin;C:\WINDOWS\SYSTEM32;C:\WINDOWS\WinSxS\amd64_microsoft.windows.common-controls_6595b64144ccf1df_6.0.26100.7309_none_3e05feeae336a044;c:\Users\Aluno.PRCUR-LAB17N.001\.vscode\extensions\redhat.java-1.56.0-win32-x64\jre\21.0.12.1-win32-x86_64\bin\server;C:\Users\Aluno.PRCUR-LAB17N.001\AppData\Roaming\Code\User\globalStorage\redhat.java\1.56.0\config_win\org.eclipse.equinox.launcher\org.eclipse.equinox.launcher.win32.win32.x86_64_1.3.100.v20260804-1928;C:\Users\Aluno.PRCUR-LAB17N.001\AppData\Local\Temp\jna-63362251

VM Arguments:
jvm_args: --add-modules=ALL-SYSTEM --add-opens=java.base/java.util=ALL-UNNAMED --add-opens=java.base/java.lang=ALL-UNNAMED --add-opens=java.base/sun.nio.fs=ALL-UNNAMED -Declipse.application=org.eclipse.jdt.ls.core.id1 -Dosgi.bundles.defaultStartLevel=4 -Declipse.product=org.eclipse.jdt.ls.core.product -Djava.import.generatesMetadataFilesAtProjectRoot=false -Dm2e.project.cache.size=50 -DDetectVMInstallationsJob.disabled=true -Dfile.encoding=utf8 -XX:+UseParallelGC -XX:GCTimeRatio=4 -XX:AdaptiveSizePolicyWeight=90 -Dsun.zip.disableMemoryMapping=true -Xmx2G -Xms100m -Xlog:disable -javaagent:c:\Users\Aluno.PRCUR-LAB17N.001\.vscode\extensions\redhat.java-1.56.0-win32-x64\lombok\lombok-1.18.39-4050.jar -XX:+HeapDumpOnOutOfMemoryError -XX:HeapDumpPath=c:\Users\Aluno.PRCUR-LAB17N.001\AppData\Roaming\Code\User\workspaceStorage\00fad9ff65b8588c287b867479378830\redhat.java -Daether.dependencyCollector.impl=bf 
java_command: c:\Users\Aluno.PRCUR-LAB17N.001\.vscode\extensions\redhat.java-1.56.0-win32-x64\server\plugins\org.eclipse.equinox.launcher_1.8.0.v20260804-1928.jar -configuration c:\Users\Aluno.PRCUR-LAB17N.001\AppData\Roaming\Code\User\globalStorage\redhat.java\1.56.0\config_win -data c:\Users\Aluno.PRCUR-LAB17N.001\AppData\Roaming\Code\User\workspaceStorage\00fad9ff65b8588c287b867479378830\redhat.java\jdt_ws --stdio
java_class_path (initial): c:\Users\Aluno.PRCUR-LAB17N.001\.vscode\extensions\redhat.java-1.56.0-win32-x64\server\plugins\org.eclipse.equinox.launcher_1.8.0.v20260804-1928.jar
Launcher Type: SUN_STANDARD

[Global flags]
    uintx AdaptiveSizePolicyWeight                 = 90                                        {product} {command line}
     intx CICompilerCount                          = 3                                         {product} {ergonomic}
    uintx GCTimeRatio                              = 4                                         {product} {command line}
     bool HeapDumpOnOutOfMemoryError               = true                                   {manageable} {command line}
    ccstr HeapDumpPath                             = c:\Users\Aluno.PRCUR-LAB17N.001\AppData\Roaming\Code\User\workspaceStorage\00fad9ff65b8588c287b867479378830\redhat.java         {manageable} {command line}
   size_t InitialHeapSize                          = 104857600                                 {product} {command line}
   size_t MaxHeapSize                              = 2147483648                                {product} {command line}
   size_t MaxNewSize                               = 715653120                                 {product} {ergonomic}
   size_t MinHeapDeltaBytes                        = 524288                                    {product} {ergonomic}
   size_t MinHeapSize                              = 104857600                                 {product} {command line}
   size_t NewSize                                  = 34603008                                  {product} {ergonomic}
    uintx NonNMethodCodeHeapSize                   = 5832780                                {pd product} {ergonomic}
    uintx NonProfiledCodeHeapSize                  = 122912730                              {pd product} {ergonomic}
   size_t OldSize                                  = 70254592                                  {product} {ergonomic}
    uintx ProfiledCodeHeapSize                     = 122912730                              {pd product} {ergonomic}
    uintx ReservedCodeCacheSize                    = 251658240                              {pd product} {ergonomic}
     bool SegmentedCodeCache                       = true                                      {product} {ergonomic}
   size_t SoftMaxHeapSize                          = 2147483648                             {manageable} {ergonomic}
     bool UseCompressedOops                        = true                           {product lp64_product} {ergonomic}
     bool UseLargePagesIndividualAllocation        = false                                  {pd product} {ergonomic}
     bool UseParallelGC                            = true                                      {product} {command line}

Logging:
Log output configuration:
 #0: stdout all=off uptime,level,tags foldmultilines=false
 #1: stderr all=off uptime,level,tags foldmultilines=false

Release file:
JAVA_VERSION="21.0.12.1" 
MODULES="java.base java.compiler java.datatransfer java.xml java.prefs java.desktop java.instrument java.logging java.management java.security.sasl java.naming java.rmi java.management.rmi java.net.http java.scripting java.security.jgss java.transaction.xa java.sql java.sql.rowset java.xml.crypto java.se java.smartcardio jdk.accessibility jdk.internal.jvmstat jdk.attach jdk.charsets jdk.internal.opt jdk.zipfs jdk.compiler jdk.crypto.ec jdk.crypto.cryptoki jdk.crypto.mscapi jdk.dynalink jdk.internal.ed jdk.editpad jdk.hotspot.agent jdk.httpserver jdk.internal.le jdk.internal.vm.ci jdk.internal.vm.compiler jdk.internal.vm.compiler.management jdk.jartool jdk.javadoc jdk.jcmd jdk.management jdk.management.agent jdk.jconsole jdk.jdeps jdk.jdwp.agent jdk.jdi jdk.jfr jdk.jshell jdk.jsobject jdk.jstatd jdk.localedata jdk.management.jfr jdk.naming.dns jdk.naming.rmi jdk.net jdk.nio.mapmode jdk.random jdk.sctp jdk.security.auth jdk.security.jgss jdk.unsupported jdk.unsupported.desktop jdk.xml.dom" 

Environment Variables:
JAVA_HOME=C:\Program Files\BellSoft\LibericaJDK-23\
PATH=C:\Program Files\BellSoft\LibericaJDK-23\bin\;C:\Program Files\Common Files\Oracle\Java\javapath;C:\Program Files (x86)\Common Files\Oracle\Java\java8path;C:\Program Files (x86)\Common Files\Oracle\Java\javapath;C:\WINDOWS\system32;C:\WINDOWS;C:\WINDOWS\System32\Wbem;C:\WINDOWS\System32\WindowsPowerShell\v1.0\;C:\WINDOWS\System32\OpenSSH\;C:\Program Files\dotnet\;C:\Program Files\nodejs\;C:\Users\Aluno.PRCUR-LAB17N.001\AppData\Local\Programs\Python\Python312\Scripts\;C:\Users\Aluno.PRCUR-LAB17N.001\AppData\Local\Programs\Python\Python312\;C:\Users\Aluno.PRCUR-LAB17N.001\AppData\Local\Microsoft\WindowsApps;;C:\Users\Aluno.PRCUR-LAB17N.001\AppData\Local\Programs\Microsoft VS Code\bin
USERNAME=Aluno
OS=Windows_NT
PROCESSOR_IDENTIFIER=Intel64 Family 6 Model 126 Stepping 5, GenuineIntel
TMP=C:\Users\ALUNOP~1.001\AppData\Local\Temp
TEMP=C:\Users\ALUNOP~1.001\AppData\Local\Temp




Periodic native trim disabled

---------------  S Y S T E M  ---------------

OS:
 Windows 11 , 64 bit Build 26100 (10.0.26100.7623)
OS uptime: 0 days 2:24 hours

CPU: total 4 (initial active 4) (2 cores per cpu, 2 threads per core) family 6 model 126 stepping 5 microcode 0xa6, cx8, cmov, fxsr, ht, mmx, 3dnowpref, sse, sse2, sse3, ssse3, sse4.1, sse4.2, popcnt, lzcnt, tsc, tscinvbit, avx, avx2, aes, erms, clmul, bmi1, bmi2, adx, avx512f, avx512dq, avx512cd, avx512bw, avx512vl, sha, fma, vzeroupper, avx512_vpopcntdq, avx512_vpclmulqdq, avx512_vaes, avx512_vnni, clflush, clflushopt, avx512_vbmi2, avx512_vbmi, rdtscp, rdpid, fsrm, gfni, avx512_bitalg, f16c, pku, avx512_ifma
Processor Information for the first 4 processors :
  Max Mhz: 1190, Current Mhz: 1190, Mhz Limit: 1190

Memory: 4k page, system-wide physical 3885M (389M free)
TotalPageFile size 15661M (AvailPageFile size 20M)
current process WorkingSet (physical memory assigned to process): 23M, peak: 280M
current process commit charge ("private bytes"): 1660M, peak: 1692M

vm_info: OpenJDK 64-Bit Server VM (21.0.12.1+1-LTS) for windows-amd64 JRE (21.0.12.1+1-LTS), built on 2026-08-18T00:00:00Z by "admin" with MS VC++ 17.12 (VS2022)

END.
