#
# There is insufficient memory for the Java Runtime Environment to continue.
# Native memory allocation (mmap) failed to map 65536 bytes. Error detail: Failed to commit metaspace.
# Possible reasons:
#   The system is out of physical RAM or swap space
#   This process is running with CompressedOops enabled, and the Java Heap may be blocking the growth of the native heap
# Possible solutions:
#   Reduce memory load on the system
#   Increase physical memory or swap space
#   Check if swap backing store is full
#   Decrease Java heap size (-Xmx/-Xms)
#   Decrease number of Java threads
#   Decrease Java thread stack sizes (-Xss)
#   Set larger code cache with -XX:ReservedCodeCacheSize=
#   JVM is running with Unscaled Compressed Oops mode in which the Java heap is
#     placed in the first 4GB address space. The Java Heap base address is the
#     maximum limit for the native heap growth. Please use -XX:HeapBaseMinAddress
#     to set the Java Heap base and to place the Java Heap above 4GB virtual address.
# This output file may be truncated or incomplete.
#
#  Out of Memory Error (virtualSpaceNode.cpp:113), pid=6508, tid=9820
#
# JRE version: OpenJDK Runtime Environment Temurin-21.0.12.1+1 (21.0.12.1+1) (build 21.0.12.1+1-LTS)
# Java VM: OpenJDK 64-Bit Server VM Temurin-21.0.12.1+1 (21.0.12.1+1-LTS, mixed mode, sharing, tiered, compressed oops, compressed class ptrs, parallel gc, windows-amd64)
# No core dump will be written. Minidumps are not enabled by default on client versions of Windows
#

---------------  S U M M A R Y ------------

Command Line: --add-modules=ALL-SYSTEM --add-opens=java.base/java.util=ALL-UNNAMED --add-opens=java.base/java.lang=ALL-UNNAMED --add-opens=java.base/sun.nio.fs=ALL-UNNAMED -Declipse.application=org.eclipse.jdt.ls.core.id1 -Dosgi.bundles.defaultStartLevel=4 -Declipse.product=org.eclipse.jdt.ls.core.product -Djava.import.generatesMetadataFilesAtProjectRoot=false -Dm2e.project.cache.size=50 -DDetectVMInstallationsJob.disabled=true -Dfile.encoding=utf8 -XX:+UseParallelGC -XX:GCTimeRatio=4 -XX:AdaptiveSizePolicyWeight=90 -Dsun.zip.disableMemoryMapping=true -Xmx2G -Xms100m -Xlog:disable -javaagent:c:\Users\Aluno.PRCUR-LAB17N.001\.vscode\extensions\redhat.java-1.56.0-win32-x64\lombok\lombok-1.18.39-4050.jar -XX:+HeapDumpOnOutOfMemoryError -XX:HeapDumpPath=c:\Users\Aluno.PRCUR-LAB17N.001\AppData\Roaming\Code\User\workspaceStorage\00fad9ff65b8588c287b867479378830\redhat.java -Daether.dependencyCollector.impl=bf c:\Users\Aluno.PRCUR-LAB17N.001\.vscode\extensions\redhat.java-1.56.0-win32-x64\server\plugins\org.eclipse.equinox.launcher_1.8.0.v20260804-1928.jar -configuration c:\Users\Aluno.PRCUR-LAB17N.001\AppData\Roaming\Code\User\globalStorage\redhat.java\1.56.0\config_win -data c:\Users\Aluno.PRCUR-LAB17N.001\AppData\Roaming\Code\User\workspaceStorage\00fad9ff65b8588c287b867479378830\redhat.java\jdt_ws --stdio

Host: Intel(R) Core(TM) i3-1005G1 CPU @ 1.20GHz, 4 cores, 3G,  Windows 11 , 64 bit Build 26100 (10.0.26100.7623)
Time: Tue Sep 29 21:25:01 2026 Hora oficial do Brasil elapsed time: 7.729961 seconds (0d 0h 0m 7s)

---------------  T H R E A D  ---------------

Current thread (0x0000019aa5844f00):  JavaThread "C1 CompilerThread0" daemon [_thread_in_vm, id=9820, stack(0x00000068a9200000,0x00000068a9300000) (1024K)]


Current CompileTask:
C1:7730 2916       3       java.lang.invoke.MethodHandleImpl::makePairwiseConvertByEditor (617 bytes)

Stack: [0x00000068a9200000,0x00000068a9300000]
Native frames: (J=compiled Java code, j=interpreted, Vv=VM code, C=native code)
V  [jvm.dll+0x6d83e9]
V  [jvm.dll+0x8b5736]
V  [jvm.dll+0x8b7cee]
V  [jvm.dll+0x8b83d3]
V  [jvm.dll+0x284596]
V  [jvm.dll+0x8b147e]
V  [jvm.dll+0x679ad4]
V  [jvm.dll+0x679b3a]
V  [jvm.dll+0x67c336]
V  [jvm.dll+0x67c202]
V  [jvm.dll+0x67a4ae]
V  [jvm.dll+0x68b8ba]
V  [jvm.dll+0x684a32]
V  [jvm.dll+0x1f6540]
V  [jvm.dll+0x1f6728]
V  [jvm.dll+0x1693fe]
V  [jvm.dll+0x169246]
V  [jvm.dll+0x160e10]
V  [jvm.dll+0x1630ad]
V  [jvm.dll+0x1616b6]
V  [jvm.dll+0x15b3f7]
V  [jvm.dll+0x16aec8]
V  [jvm.dll+0x1569e5]
V  [jvm.dll+0x156d32]
V  [jvm.dll+0x156fe4]
V  [jvm.dll+0x1563fc]
V  [jvm.dll+0x15818d]
V  [jvm.dll+0x25baad]
V  [jvm.dll+0x25a03a]
V  [jvm.dll+0x3f8aae]
V  [jvm.dll+0x8600cd]
V  [jvm.dll+0x6d6c1d]
C  [ucrtbase.dll+0x37b0]
C  [KERNEL32.DLL+0x2e8d7]
C  [ntdll.dll+0x8c53c]


---------------  P R O C E S S  ---------------

Threads class SMR info:
_java_thread_list=0x0000019aff0f83e0, length=17, elements={
0x0000019aa5932350, 0x0000019aa581bc30, 0x0000019aa581e010, 0x0000019aa5822270,
0x0000019aa5822cd0, 0x0000019aa5823730, 0x0000019aa58256f0, 0x0000019aa582d200,
0x0000019aa5844f00, 0x0000019afe13a270, 0x0000019afe2a6850, 0x0000019afedc2320,
0x0000019afe45ee10, 0x0000019afe8ec750, 0x0000019afe8ecdc0, 0x0000019afef781c0,
0x0000019aff330cb0
}

Java Threads: ( => current thread )
  0x0000019aa5932350 JavaThread "main"                              [_thread_blocked, id=15780, stack(0x00000068a8700000,0x00000068a8800000) (1024K)]
  0x0000019aa581bc30 JavaThread "Reference Handler"          daemon [_thread_blocked, id=6492, stack(0x00000068a8b00000,0x00000068a8c00000) (1024K)]
  0x0000019aa581e010 JavaThread "Finalizer"                  daemon [_thread_blocked, id=16828, stack(0x00000068a8c00000,0x00000068a8d00000) (1024K)]
  0x0000019aa5822270 JavaThread "Signal Dispatcher"          daemon [_thread_blocked, id=14656, stack(0x00000068a8d00000,0x00000068a8e00000) (1024K)]
  0x0000019aa5822cd0 JavaThread "Attach Listener"            daemon [_thread_blocked, id=1760, stack(0x00000068a8e00000,0x00000068a8f00000) (1024K)]
  0x0000019aa5823730 JavaThread "Service Thread"             daemon [_thread_blocked, id=16036, stack(0x00000068a8f00000,0x00000068a9000000) (1024K)]
  0x0000019aa58256f0 JavaThread "Monitor Deflation Thread"   daemon [_thread_blocked, id=12720, stack(0x00000068a9000000,0x00000068a9100000) (1024K)]
  0x0000019aa582d200 JavaThread "C2 CompilerThread0"         daemon [_thread_blocked, id=9108, stack(0x00000068a9100000,0x00000068a9200000) (1024K)]
=>0x0000019aa5844f00 JavaThread "C1 CompilerThread0"         daemon [_thread_in_vm, id=9820, stack(0x00000068a9200000,0x00000068a9300000) (1024K)]
  0x0000019afe13a270 JavaThread "Common-Cleaner"             daemon [_thread_blocked, id=15900, stack(0x00000068a9300000,0x00000068a9400000) (1024K)]
  0x0000019afe2a6850 JavaThread "Notification Thread"        daemon [_thread_blocked, id=1020, stack(0x00000068a9400000,0x00000068a9500000) (1024K)]
  0x0000019afedc2320 JavaThread "Active Thread: Equinox Container: 3c7a502b-ba60-4648-90e3-72052dc7ea96"        [_thread_blocked, id=8848, stack(0x00000068a9500000,0x00000068a9600000) (1024K)]
  0x0000019afe45ee10 JavaThread "Refresh Thread: Equinox Container: 3c7a502b-ba60-4648-90e3-72052dc7ea96" daemon [_thread_blocked, id=10700, stack(0x00000068a9900000,0x00000068a9a00000) (1024K)]
  0x0000019afe8ec750 JavaThread "Framework Event Dispatcher: Equinox Container: 3c7a502b-ba60-4648-90e3-72052dc7ea96" daemon [_thread_blocked, id=8000, stack(0x00000068a9a00000,0x00000068a9b00000) (1024K)]
  0x0000019afe8ecdc0 JavaThread "Start Level: Equinox Container: 3c7a502b-ba60-4648-90e3-72052dc7ea96" daemon [_thread_in_vm, id=16084, stack(0x00000068a9b00000,0x00000068a9c00000) (1024K)]
  0x0000019afef781c0 JavaThread "Bundle File Closer"         daemon [_thread_blocked, id=1696, stack(0x00000068a9d00000,0x00000068a9e00000) (1024K)]
  0x0000019aff330cb0 JavaThread "SCR Component Actor"        daemon [_thread_blocked, id=10084, stack(0x00000068a9c00000,0x00000068a9d00000) (1024K)]
Total: 17

Other Threads:
  0x0000019aa57fe860 VMThread "VM Thread"                           [id=5976, stack(0x00000068a8a00000,0x00000068a8b00000) (1024K)]
  0x0000019aa599fe60 WatcherThread "VM Periodic Task Thread"        [id=16440, stack(0x00000068a8900000,0x00000068a8a00000) (1024K)]
  0x0000019aa5952c30 WorkerThread "GC Thread#0"                     [id=9384, stack(0x00000068a8800000,0x00000068a8900000) (1024K)]
  0x0000019afede5190 WorkerThread "GC Thread#1"                     [id=3248, stack(0x00000068a9600000,0x00000068a9700000) (1024K)]
  0x0000019afe583900 WorkerThread "GC Thread#2"                     [id=13168, stack(0x00000068a9700000,0x00000068a9800000) (1024K)]
  0x0000019afe583cb0 WorkerThread "GC Thread#3"                     [id=9220, stack(0x00000068a9800000,0x00000068a9900000) (1024K)]
Total: 6

Threads with active compile tasks:
C1 CompilerThread0  7797 2916       3       java.lang.invoke.MethodHandleImpl::makePairwiseConvertByEditor (617 bytes)
Total: 1

VM state: not at safepoint (normal execution)

VM Mutex/Monitor currently owned by a thread:  ([mutex/lock_event])
[0x00007ff98adcd530] Metaspace_lock - owner thread: 0x0000019aa5844f00

OutOfMemory and StackOverflow Exception counts:
OutOfMemoryError java_heap_errors=1
LinkageErrors=34

Heap address: 0x0000000080000000, size: 2048 MB, Compressed Oops mode: 32-bit

CDS archive(s) mapped at: [0x0000019abd000000-0x0000019abdba0000-0x0000019abdba0000), size 12189696, SharedBaseAddress: 0x0000019abd000000, ArchiveRelocationMode: 1.
Compressed class space mapped at: 0x0000019abe000000-0x0000019afe000000, reserved size: 1073741824
Narrow klass base: 0x0000019abd000000, Narrow klass shift: 0, Narrow klass range: 0x100000000

GC Precious Log:
 CardTable entry size: 512
 CPUs: 4 total, 4 available
 Memory: 3885M
 Large Page Support: Disabled
 NUMA Support: Disabled
 Compressed Oops: Enabled (32-bit)
 Alignments: Space 512K, Generation 512K, Heap 2M
 Heap Min Capacity: 100M
 Heap Initial Capacity: 100M
 Heap Max Capacity: 2G
 Pre-touch: Disabled
 Parallel Workers: 4

Heap:
 PSYoungGen      total 29696K, used 18815K [0x00000000d5580000, 0x00000000d7680000, 0x0000000100000000)
  eden space 25600K, 57% used [0x00000000d5580000,0x00000000d63dfe50,0x00000000d6e80000)
  from space 4096K, 99% used [0x00000000d7280000,0x00000000d767fed0,0x00000000d7680000)
  to   space 4096K, 0% used [0x00000000d6e80000,0x00000000d6e80000,0x00000000d7280000)
 ParOldGen       total 68608K, used 6657K [0x0000000080000000, 0x0000000084300000, 0x00000000d5580000)
  object space 68608K, 9% used [0x0000000080000000,0x00000000806804b8,0x0000000084300000)
 Metaspace       used 13788K, committed 14272K, reserved 1114112K
  class space    used 1435K, committed 1664K, reserved 1048576K

Card table byte_map: [0x0000019aa52d0000,0x0000019aa56e0000] _byte_map_base: 0x0000019aa4ed0000

Marking Bits: (ParMarkBitMap*) 0x00007ff98add44a0
 Begin Bits: [0x0000019ab7de0000, 0x0000019ab9de0000)
 End Bits:   [0x0000019ab9de0000, 0x0000019abbde0000)

Polling page: 0x0000019aa3790000

Metaspace:

Usage:
  Non-class:     12.06 MB used.
      Class:      1.40 MB used.
       Both:     13.47 MB used.

Virtual space:
  Non-class space:       64.00 MB reserved,      12.31 MB ( 19%) committed,  1 nodes.
      Class space:        1.00 GB reserved,       1.62 MB ( <1%) committed,  1 nodes.
             Both:        1.06 GB reserved,      13.94 MB (  1%) committed. 

Chunk freelists:
   Non-Class:  3.01 MB
       Class:  14.43 MB
        Both:  17.44 MB

MaxMetaspaceSize: unlimited
CompressedClassSpaceSize: 1.00 GB
Initial GC threshold: 21.00 MB
Current GC threshold: 21.00 MB
CDS: on
 - commit_granule_bytes: 65536.
 - commit_granule_words: 8192.
 - virtual_space_node_default_size: 8388608.
 - enlarge_chunks_in_place: 1.
 - use_allocation_guard: 0.


Internal statistics:

num_allocs_failed_limit: 0.
num_arena_births: 356.
num_arena_deaths: 0.
num_vsnodes_births: 2.
num_vsnodes_deaths: 0.
num_space_committed: 223.
num_space_uncommitted: 0.
num_chunks_returned_to_freelist: 0.
num_chunks_taken_from_freelist: 804.
num_chunk_merges: 0.
num_chunk_splits: 512.
num_chunks_enlarged: 333.
num_inconsistent_stats: 0.

CodeHeap 'non-profiled nmethods': size=120000Kb used=1280Kb max_used=1280Kb free=118719Kb
 bounds [0x0000019ab0600000, 0x0000019ab0870000, 0x0000019ab7b30000]
CodeHeap 'profiled nmethods': size=120000Kb used=5854Kb max_used=5854Kb free=114145Kb
 bounds [0x0000019aa8b30000, 0x0000019aa90f0000, 0x0000019ab0060000]
CodeHeap 'non-nmethods': size=5760Kb used=1257Kb max_used=1273Kb free=4502Kb
 bounds [0x0000019ab0060000, 0x0000019ab02d0000, 0x0000019ab0600000]
CodeCache: size=245760Kb, used=8391Kb, max_used=8407Kb, free=237366Kb
 total_blobs=3430, nmethods=2915, adapters=421, full_count=0
Compilation: enabled, stopped_count=0, restarted_count=0

Compilation events (20 events):
Event: 7.712 Thread 0x0000019aa5844f00 nmethod 2902 0x0000019aa90e2710 code [0x0000019aa90e2960, 0x0000019aa90e32b0]
Event: 7.714 Thread 0x0000019aa5844f00 2903       1       java.lang.reflect.Field::getModifiers (5 bytes)
Event: 7.714 Thread 0x0000019aa5844f00 nmethod 2903 0x0000019ab073e490 code [0x0000019ab073e620, 0x0000019ab073e6e8]
Event: 7.715 Thread 0x0000019aa5844f00 2904       3       java.lang.ref.WeakReference::<init> (6 bytes)
Event: 7.716 Thread 0x0000019aa5844f00 nmethod 2904 0x0000019aa90e3610 code [0x0000019aa90e37c0, 0x0000019aa90e3a50]
Event: 7.717 Thread 0x0000019aa5844f00 2905       3       java.lang.invoke.MethodHandle::isAncestorLoaderOf (35 bytes)
Event: 7.718 Thread 0x0000019aa5844f00 nmethod 2905 0x0000019aa90e3b90 code [0x0000019aa90e3dc0, 0x0000019aa90e4530]
Event: 7.719 Thread 0x0000019aa5844f00 2907       1       java.lang.reflect.AccessibleObject::isAccessible (5 bytes)
Event: 7.719 Thread 0x0000019aa5844f00 nmethod 2907 0x0000019ab073eb90 code [0x0000019ab073ed20, 0x0000019ab073edf0]
Event: 7.719 Thread 0x0000019aa5844f00 2908       1       java.lang.reflect.Field::getDeclaringClass (5 bytes)
Event: 7.719 Thread 0x0000019aa5844f00 nmethod 2908 0x0000019ab073ee90 code [0x0000019ab073f020, 0x0000019ab073f0e8]
Event: 7.719 Thread 0x0000019aa5844f00 2909       1       java.lang.reflect.Field::getType (5 bytes)
Event: 7.719 Thread 0x0000019aa5844f00 nmethod 2909 0x0000019ab073f190 code [0x0000019ab073f320, 0x0000019ab073f3e8]
Event: 7.720 Thread 0x0000019aa5844f00 2910       3       java.lang.invoke.LambdaFormEditor::bindArgumentType (101 bytes)
Event: 7.720 Thread 0x0000019aa5844f00 nmethod 2910 0x0000019aa90e4790 code [0x0000019aa90e4940, 0x0000019aa90e4b58]
Event: 7.721 Thread 0x0000019aa5844f00 2911       3       java.lang.invoke.LambdaFormEditor::bindArgumentForm (255 bytes)
Event: 7.723 Thread 0x0000019aa5844f00 nmethod 2911 0x0000019aa90e4c90 code [0x0000019aa90e5040, 0x0000019aa90e6450]
Event: 7.723 Thread 0x0000019aa5844f00 2917       3       java.lang.invoke.MethodHandleImpl::computeValueConversions (121 bytes)
Event: 7.724 Thread 0x0000019aa5844f00 nmethod 2917 0x0000019aa90e6e10 code [0x0000019aa90e7020, 0x0000019aa90e77b8]
Event: 7.724 Thread 0x0000019aa5844f00 2916       3       java.lang.invoke.MethodHandleImpl::makePairwiseConvertByEditor (617 bytes)

GC Heap History (8 events):
Event: 1.760 GC heap before
{Heap before GC invocations=1 (full 0):
 PSYoungGen      total 29696K, used 25600K [0x00000000d5580000, 0x00000000d7680000, 0x0000000100000000)
  eden space 25600K, 100% used [0x00000000d5580000,0x00000000d6e80000,0x00000000d6e80000)
  from space 4096K, 0% used [0x00000000d7280000,0x00000000d7280000,0x00000000d7680000)
  to   space 4096K, 0% used [0x00000000d6e80000,0x00000000d6e80000,0x00000000d7280000)
 ParOldGen       total 68608K, used 0K [0x0000000080000000, 0x0000000084300000, 0x00000000d5580000)
  object space 68608K, 0% used [0x0000000080000000,0x0000000080000000,0x0000000084300000)
 Metaspace       used 4334K, committed 4544K, reserved 1114112K
  class space    used 473K, committed 576K, reserved 1048576K
}
Event: 1.768 GC heap after
{Heap after GC invocations=1 (full 0):
 PSYoungGen      total 29696K, used 3271K [0x00000000d5580000, 0x00000000d7680000, 0x0000000100000000)
  eden space 25600K, 0% used [0x00000000d5580000,0x00000000d5580000,0x00000000d6e80000)
  from space 4096K, 79% used [0x00000000d6e80000,0x00000000d71b1e98,0x00000000d7280000)
  to   space 4096K, 0% used [0x00000000d7280000,0x00000000d7280000,0x00000000d7680000)
 ParOldGen       total 68608K, used 8K [0x0000000080000000, 0x0000000084300000, 0x00000000d5580000)
  object space 68608K, 0% used [0x0000000080000000,0x0000000080002000,0x0000000084300000)
 Metaspace       used 4334K, committed 4544K, reserved 1114112K
  class space    used 473K, committed 576K, reserved 1048576K
}
Event: 4.015 GC heap before
{Heap before GC invocations=2 (full 0):
 PSYoungGen      total 29696K, used 28871K [0x00000000d5580000, 0x00000000d7680000, 0x0000000100000000)
  eden space 25600K, 100% used [0x00000000d5580000,0x00000000d6e80000,0x00000000d6e80000)
  from space 4096K, 79% used [0x00000000d6e80000,0x00000000d71b1e98,0x00000000d7280000)
  to   space 4096K, 0% used [0x00000000d7280000,0x00000000d7280000,0x00000000d7680000)
 ParOldGen       total 68608K, used 8K [0x0000000080000000, 0x0000000084300000, 0x00000000d5580000)
  object space 68608K, 0% used [0x0000000080000000,0x0000000080002000,0x0000000084300000)
 Metaspace       used 8035K, committed 8320K, reserved 1114112K
  class space    used 832K, committed 960K, reserved 1048576K
}
Event: 4.022 GC heap after
{Heap after GC invocations=2 (full 0):
 PSYoungGen      total 29696K, used 4070K [0x00000000d5580000, 0x00000000d7680000, 0x0000000100000000)
  eden space 25600K, 0% used [0x00000000d5580000,0x00000000d5580000,0x00000000d6e80000)
  from space 4096K, 99% used [0x00000000d7280000,0x00000000d7679800,0x00000000d7680000)
  to   space 4096K, 0% used [0x00000000d6e80000,0x00000000d6e80000,0x00000000d7280000)
 ParOldGen       total 68608K, used 1967K [0x0000000080000000, 0x0000000084300000, 0x00000000d5580000)
  object space 68608K, 2% used [0x0000000080000000,0x00000000801ebeb8,0x0000000084300000)
 Metaspace       used 8035K, committed 8320K, reserved 1114112K
  class space    used 832K, committed 960K, reserved 1048576K
}
Event: 4.487 GC heap before
{Heap before GC invocations=3 (full 0):
 PSYoungGen      total 29696K, used 29657K [0x00000000d5580000, 0x00000000d7680000, 0x0000000100000000)
  eden space 25600K, 99% used [0x00000000d5580000,0x00000000d6e7ce78,0x00000000d6e80000)
  from space 4096K, 99% used [0x00000000d7280000,0x00000000d7679800,0x00000000d7680000)
  to   space 4096K, 0% used [0x00000000d6e80000,0x00000000d6e80000,0x00000000d7280000)
 ParOldGen       total 68608K, used 1967K [0x0000000080000000, 0x0000000084300000, 0x00000000d5580000)
  object space 68608K, 2% used [0x0000000080000000,0x00000000801ebeb8,0x0000000084300000)
 Metaspace       used 9491K, committed 9856K, reserved 1114112K
  class space    used 1010K, committed 1152K, reserved 1048576K
}
Event: 4.494 GC heap after
{Heap after GC invocations=3 (full 0):
 PSYoungGen      total 29696K, used 4093K [0x00000000d5580000, 0x00000000d7680000, 0x0000000100000000)
  eden space 25600K, 0% used [0x00000000d5580000,0x00000000d5580000,0x00000000d6e80000)
  from space 4096K, 99% used [0x00000000d6e80000,0x00000000d727f758,0x00000000d7280000)
  to   space 4096K, 0% used [0x00000000d7280000,0x00000000d7280000,0x00000000d7680000)
 ParOldGen       total 68608K, used 4722K [0x0000000080000000, 0x0000000084300000, 0x00000000d5580000)
  object space 68608K, 6% used [0x0000000080000000,0x000000008049ca28,0x0000000084300000)
 Metaspace       used 9491K, committed 9856K, reserved 1114112K
  class space    used 1010K, committed 1152K, reserved 1048576K
}
Event: 6.972 GC heap before
{Heap before GC invocations=4 (full 0):
 PSYoungGen      total 29696K, used 29693K [0x00000000d5580000, 0x00000000d7680000, 0x0000000100000000)
  eden space 25600K, 100% used [0x00000000d5580000,0x00000000d6e80000,0x00000000d6e80000)
  from space 4096K, 99% used [0x00000000d6e80000,0x00000000d727f758,0x00000000d7280000)
  to   space 4096K, 0% used [0x00000000d7280000,0x00000000d7280000,0x00000000d7680000)
 ParOldGen       total 68608K, used 4722K [0x0000000080000000, 0x0000000084300000, 0x00000000d5580000)
  object space 68608K, 6% used [0x0000000080000000,0x000000008049ca28,0x0000000084300000)
 Metaspace       used 11642K, committed 12032K, reserved 1114112K
  class space    used 1228K, committed 1408K, reserved 1048576K
}
Event: 6.981 GC heap after
{Heap after GC invocations=4 (full 0):
 PSYoungGen      total 29696K, used 4095K [0x00000000d5580000, 0x00000000d7680000, 0x0000000100000000)
  eden space 25600K, 0% used [0x00000000d5580000,0x00000000d5580000,0x00000000d6e80000)
  from space 4096K, 99% used [0x00000000d7280000,0x00000000d767fed0,0x00000000d7680000)
  to   space 4096K, 0% used [0x00000000d6e80000,0x00000000d6e80000,0x00000000d7280000)
 ParOldGen       total 68608K, used 6657K [0x0000000080000000, 0x0000000084300000, 0x00000000d5580000)
  object space 68608K, 9% used [0x0000000080000000,0x00000000806804b8,0x0000000084300000)
 Metaspace       used 11642K, committed 12032K, reserved 1114112K
  class space    used 1228K, committed 1408K, reserved 1048576K
}

Dll operation events (18 events):
Event: 0.013 Attempting to load shared library c:\Users\Aluno.PRCUR-LAB17N.001\.vscode\extensions\redhat.java-1.56.0-win32-x64\jre\21.0.12.1-win32-x86_64\bin\java.dll
Event: 0.013 Loaded shared library c:\Users\Aluno.PRCUR-LAB17N.001\.vscode\extensions\redhat.java-1.56.0-win32-x64\jre\21.0.12.1-win32-x86_64\bin\java.dll
Event: 0.087 Attempting to load shared library c:\Users\Aluno.PRCUR-LAB17N.001\.vscode\extensions\redhat.java-1.56.0-win32-x64\jre\21.0.12.1-win32-x86_64\bin\zip.dll
Event: 0.088 Loaded shared library c:\Users\Aluno.PRCUR-LAB17N.001\.vscode\extensions\redhat.java-1.56.0-win32-x64\jre\21.0.12.1-win32-x86_64\bin\zip.dll
Event: 0.115 Attempting to load shared library C:\Users\Aluno.PRCUR-LAB17N.001\.vscode\extensions\redhat.java-1.56.0-win32-x64\jre\21.0.12.1-win32-x86_64\bin\instrument.dll
Event: 0.115 Loaded shared library C:\Users\Aluno.PRCUR-LAB17N.001\.vscode\extensions\redhat.java-1.56.0-win32-x64\jre\21.0.12.1-win32-x86_64\bin\instrument.dll
Event: 0.118 Attempting to load shared library C:\Users\Aluno.PRCUR-LAB17N.001\.vscode\extensions\redhat.java-1.56.0-win32-x64\jre\21.0.12.1-win32-x86_64\bin\net.dll
Event: 0.120 Loaded shared library C:\Users\Aluno.PRCUR-LAB17N.001\.vscode\extensions\redhat.java-1.56.0-win32-x64\jre\21.0.12.1-win32-x86_64\bin\net.dll
Event: 0.124 Attempting to load shared library C:\Users\Aluno.PRCUR-LAB17N.001\.vscode\extensions\redhat.java-1.56.0-win32-x64\jre\21.0.12.1-win32-x86_64\bin\nio.dll
Event: 0.125 Loaded shared library C:\Users\Aluno.PRCUR-LAB17N.001\.vscode\extensions\redhat.java-1.56.0-win32-x64\jre\21.0.12.1-win32-x86_64\bin\nio.dll
Event: 0.128 Attempting to load shared library C:\Users\Aluno.PRCUR-LAB17N.001\.vscode\extensions\redhat.java-1.56.0-win32-x64\jre\21.0.12.1-win32-x86_64\bin\zip.dll
Event: 0.128 Loaded shared library C:\Users\Aluno.PRCUR-LAB17N.001\.vscode\extensions\redhat.java-1.56.0-win32-x64\jre\21.0.12.1-win32-x86_64\bin\zip.dll
Event: 0.144 Attempting to load shared library C:\Users\Aluno.PRCUR-LAB17N.001\.vscode\extensions\redhat.java-1.56.0-win32-x64\jre\21.0.12.1-win32-x86_64\bin\jimage.dll
Event: 0.144 Loaded shared library C:\Users\Aluno.PRCUR-LAB17N.001\.vscode\extensions\redhat.java-1.56.0-win32-x64\jre\21.0.12.1-win32-x86_64\bin\jimage.dll
Event: 0.225 Attempting to load shared library c:\Users\Aluno.PRCUR-LAB17N.001\.vscode\extensions\redhat.java-1.56.0-win32-x64\jre\21.0.12.1-win32-x86_64\bin\verify.dll
Event: 0.226 Loaded shared library c:\Users\Aluno.PRCUR-LAB17N.001\.vscode\extensions\redhat.java-1.56.0-win32-x64\jre\21.0.12.1-win32-x86_64\bin\verify.dll
Event: 4.077 Attempting to load shared library C:\Users\Aluno.PRCUR-LAB17N.001\AppData\Roaming\Code\User\globalStorage\redhat.java\1.56.0\config_win\org.eclipse.equinox.launcher\org.eclipse.equinox.launcher.win32.win32.x86_64_1.3.100.v20260804-1928\eclipse_11924.dll
Event: 4.083 Loaded shared library C:\Users\Aluno.PRCUR-LAB17N.001\AppData\Roaming\Code\User\globalStorage\redhat.java\1.56.0\config_win\org.eclipse.equinox.launcher\org.eclipse.equinox.launcher.win32.win32.x86_64_1.3.100.v20260804-1928\eclipse_11924.dll

Deoptimization events (20 events):
Event: 7.455 Thread 0x0000019afe8ecdc0 DEOPT PACKING pc=0x0000019ab0729590 sp=0x00000068a9bfc820
Event: 7.455 Thread 0x0000019afe8ecdc0 DEOPT UNPACKING pc=0x0000019ab00b6da2 sp=0x00000068a9bfc788 mode 2
Event: 7.455 Thread 0x0000019afe8ecdc0 Uncommon trap: trap_request=0xffffffc6 fr.pc=0x0000019ab0729590 relative=0x00000000000005d0
Event: 7.455 Thread 0x0000019afe8ecdc0 Uncommon trap: reason=bimorphic_or_optimized_type_check action=maybe_recompile pc=0x0000019ab0729590 method=java.io.DataInputStream.readUnsignedByte()I @ 4 c2
Event: 7.455 Thread 0x0000019afe8ecdc0 DEOPT PACKING pc=0x0000019ab0729590 sp=0x00000068a9bfc820
Event: 7.455 Thread 0x0000019afe8ecdc0 DEOPT UNPACKING pc=0x0000019ab00b6da2 sp=0x00000068a9bfc788 mode 2
Event: 7.455 Thread 0x0000019afe8ecdc0 Uncommon trap: trap_request=0xffffffc6 fr.pc=0x0000019ab0729590 relative=0x00000000000005d0
Event: 7.455 Thread 0x0000019afe8ecdc0 Uncommon trap: reason=bimorphic_or_optimized_type_check action=maybe_recompile pc=0x0000019ab0729590 method=java.io.DataInputStream.readUnsignedByte()I @ 4 c2
Event: 7.455 Thread 0x0000019afe8ecdc0 DEOPT PACKING pc=0x0000019ab0729590 sp=0x00000068a9bfc820
Event: 7.455 Thread 0x0000019afe8ecdc0 DEOPT UNPACKING pc=0x0000019ab00b6da2 sp=0x00000068a9bfc788 mode 2
Event: 7.455 Thread 0x0000019afe8ecdc0 Uncommon trap: trap_request=0xffffffc6 fr.pc=0x0000019ab0729590 relative=0x00000000000005d0
Event: 7.455 Thread 0x0000019afe8ecdc0 Uncommon trap: reason=bimorphic_or_optimized_type_check action=maybe_recompile pc=0x0000019ab0729590 method=java.io.DataInputStream.readUnsignedByte()I @ 4 c2
Event: 7.455 Thread 0x0000019afe8ecdc0 DEOPT PACKING pc=0x0000019ab0729590 sp=0x00000068a9bfc820
Event: 7.455 Thread 0x0000019afe8ecdc0 DEOPT UNPACKING pc=0x0000019ab00b6da2 sp=0x00000068a9bfc788 mode 2
Event: 7.672 Thread 0x0000019afe8ecdc0 Uncommon trap: trap_request=0xffffff45 fr.pc=0x0000019ab07038c0 relative=0x0000000000000ec0
Event: 7.672 Thread 0x0000019afe8ecdc0 Uncommon trap: reason=unstable_if action=reinterpret pc=0x0000019ab07038c0 method=java.util.Properties.loadConvert([CIILjava/lang/StringBuilder;)Ljava/lang/String; @ 491 c2
Event: 7.673 Thread 0x0000019afe8ecdc0 DEOPT PACKING pc=0x0000019ab07038c0 sp=0x00000068a9bf44a0
Event: 7.673 Thread 0x0000019afe8ecdc0 DEOPT UNPACKING pc=0x0000019ab00b6da2 sp=0x00000068a9bf4480 mode 2
Event: 7.675 Thread 0x0000019afe8ecdc0 DEOPT PACKING pc=0x0000019aa8f30256 sp=0x00000068a9bf4220
Event: 7.675 Thread 0x0000019afe8ecdc0 DEOPT UNPACKING pc=0x0000019ab00b78e2 sp=0x00000068a9bf3730 mode 0

Classes loaded (20 events):
Event: 7.063 Loading class java/util/function/LongBinaryOperator
Event: 7.063 Loading class java/util/function/LongBinaryOperator done
Event: 7.063 Loading class java/util/stream/ReduceOps$10
Event: 7.064 Loading class java/util/stream/ReduceOps$10 done
Event: 7.064 Loading class java/util/stream/ReduceOps$8ReducingSink
Event: 7.064 Loading class java/util/stream/Sink$OfLong
Event: 7.065 Loading class java/util/stream/Sink$OfLong done
Event: 7.065 Loading class java/util/stream/ReduceOps$8ReducingSink done
Event: 7.065 Loading class java/util/stream/ReferencePipeline$5$1
Event: 7.065 Loading class java/util/stream/ReferencePipeline$5$1 done
Event: 7.110 Loading class java/nio/file/NoSuchFileException
Event: 7.111 Loading class java/nio/file/FileSystemException
Event: 7.112 Loading class java/nio/file/FileSystemException done
Event: 7.112 Loading class java/nio/file/NoSuchFileException done
Event: 7.239 Loading class java/lang/Process
Event: 7.239 Loading class java/lang/Process done
Event: 7.536 Loading class java/util/concurrent/TimeoutException
Event: 7.536 Loading class java/util/concurrent/TimeoutException done
Event: 7.678 Loading class java/lang/invoke/DirectMethodHandle$StaticAccessor
Event: 7.678 Loading class java/lang/invoke/DirectMethodHandle$StaticAccessor done

Classes unloaded (0 events):
No events

Classes redefined (0 events):
No events

Internal exceptions (20 events):
Event: 3.563 Thread 0x0000019aa5932350 Exception <a 'java/lang/NoSuchMethodError'{0x00000000d661dc38}: 'int java.lang.invoke.DirectMethodHandle$Holder.invokeStaticInit(java.lang.Object, java.lang.Object, java.lang.Object, java.lang.Object)'> (0x00000000d661dc38) 
thrown [s\src\hotspot\share\interpreter\linkResolver.cpp, line 773]
Event: 3.564 Thread 0x0000019aa5932350 Exception <a 'java/lang/IncompatibleClassChangeError'{0x00000000d6626320}: Found class java.lang.Object, but interface was expected> (0x00000000d6626320) 
thrown [s\src\hotspot\share\interpreter\linkResolver.cpp, line 840]
Event: 3.565 Thread 0x0000019aa5932350 Exception <a 'java/lang/NoSuchMethodError'{0x00000000d662c890}: 'void java.lang.invoke.DirectMethodHandle$Holder.invokeStaticInit(java.lang.Object, java.lang.Object)'> (0x00000000d662c890) 
thrown [s\src\hotspot\share\interpreter\linkResolver.cpp, line 773]
Event: 3.565 Thread 0x0000019aa5932350 Exception <a 'java/lang/NoSuchMethodError'{0x00000000d66359b8}: 'int java.lang.invoke.DirectMethodHandle$Holder.invokeStaticInit(java.lang.Object, java.lang.Object)'> (0x00000000d66359b8) 
thrown [s\src\hotspot\share\interpreter\linkResolver.cpp, line 773]
Event: 3.824 Thread 0x0000019aa5932350 Exception <a 'java/lang/NoSuchMethodError'{0x00000000d687e7c0}: 'java.lang.Object java.lang.invoke.DirectMethodHandle$Holder.newInvokeSpecial(java.lang.Object, int, java.lang.Object)'> (0x00000000d687e7c0) 
thrown [s\src\hotspot\share\interpreter\linkResolver.cpp, line 773]
Event: 3.868 Thread 0x0000019aa5932350 Exception <a 'java/lang/ClassNotFoundException'{0x00000000d6a9cce8}: sun/net/www/protocol/plurl/Handler> (0x00000000d6a9cce8) 
thrown [s\src\hotspot\share\classfile\systemDictionary.cpp, line 313]
Event: 3.868 Thread 0x0000019aa5932350 Exception <a 'java/lang/ClassNotFoundException'{0x00000000d6a9db68}: sun/net/www/protocol/plurl/Handler> (0x00000000d6a9db68) 
thrown [s\src\hotspot\share\classfile\systemDictionary.cpp, line 313]
Event: 4.074 Thread 0x0000019aa5932350 Exception <a 'java/lang/UnsatisfiedLinkError'{0x00000000d5668408}: 'void org.eclipse.equinox.launcher.JNIBridge._update_splash()'> (0x00000000d5668408) 
thrown [s\src\hotspot\share\prims\nativeLookup.cpp, line 415]
Event: 4.114 Thread 0x0000019afe45ee10 Exception <a 'java/lang/NoSuchMethodError'{0x00000000d58eb1f0}: 'void java.lang.invoke.DirectMethodHandle$Holder.invokeInterface(java.lang.Object, java.lang.Object, java.lang.Object)'> (0x00000000d58eb1f0) 
thrown [s\src\hotspot\share\interpreter\linkResolver.cpp, line 773]
Event: 4.185 Thread 0x0000019afe8ecdc0 Exception <a 'java/lang/NoSuchMethodError'{0x00000000d5cb5678}: 'java.lang.Object java.lang.invoke.DirectMethodHandle$Holder.newInvokeSpecial(java.lang.Object, java.lang.Object, int, java.lang.Object)'> (0x00000000d5cb5678) 
thrown [s\src\hotspot\share\interpreter\linkResolver.cpp, line 773]
Event: 4.186 Thread 0x0000019afe8ecdc0 Exception <a 'java/lang/NoSuchMethodError'{0x00000000d5cb94a8}: 'java.lang.Object java.lang.invoke.DirectMethodHandle$Holder.invokeSpecial(java.lang.Object, java.lang.Object, java.lang.Object, int, java.lang.Object)'> (0x00000000d5cb94a8) 
thrown [s\src\hotspot\share\interpreter\linkResolver.cpp, line 773]
Event: 4.198 Thread 0x0000019afe8ecdc0 Exception <a 'java/lang/NoClassDefFoundError'{0x00000000d5d5fc60}: jakarta/servlet/ServletContainerInitializer> (0x00000000d5d5fc60) 
thrown [s\src\hotspot\share\classfile\systemDictionary.cpp, line 302]
Event: 4.222 Thread 0x0000019afe8ecdc0 Exception <a 'java/lang/ClassNotFoundException'{0x00000000d5eca8e8}: sun/util/logging/resources/spi/loggingProvider> (0x00000000d5eca8e8) 
thrown [s\src\hotspot\share\classfile\systemDictionary.cpp, line 313]
Event: 6.818 Thread 0x0000019afe8ecdc0 Exception <a 'java/lang/NullPointerException'{0x00000000d67a43a0}> (0x00000000d67a43a0) 
thrown [s\src\hotspot\share\interpreter\linkResolver.cpp, line 1372]
Event: 6.818 Thread 0x0000019afe8ecdc0 Exception <a 'java/lang/NullPointerException'{0x00000000d67a4680}> (0x00000000d67a4680) 
thrown [s\src\hotspot\share\interpreter\linkResolver.cpp, line 1372]
Event: 7.061 Thread 0x0000019afe8ecdc0 Exception <a 'java/lang/NoSuchMethodError'{0x00000000d5863c58}: 'long java.lang.invoke.DirectMethodHandle$Holder.invokeSpecial(java.lang.Object, java.lang.Object)'> (0x00000000d5863c58) 
thrown [s\src\hotspot\share\interpreter\linkResolver.cpp, line 773]
Event: 7.128 Thread 0x0000019afe8ecdc0 Exception <a 'java/io/FileNotFoundException'{0x00000000d5a6d850}> (0x00000000d5a6d850) 
thrown [s\src\hotspot\share\prims\jni.cpp, line 520]
Event: 7.472 Thread 0x0000019afe8ecdc0 Exception <a 'java/lang/NoSuchMethodError'{0x00000000d5fa6180}: 'java.lang.Object java.lang.invoke.Invokers$Holder.linkToTargetMethod(java.lang.Object, long, java.lang.Object)'> (0x00000000d5fa6180) 
thrown [s\src\hotspot\share\interpreter\linkResolver.cpp, line 773]
Event: 7.662 Thread 0x0000019afe8ecdc0 Exception <a 'java/lang/OutOfMemoryError'{0x00000000d6310668}: unable to create native thread: possibly out of memory or process/resource limits reached> (0x00000000d6310668) 
thrown [s\src\hotspot\share\prims\jvm.cpp, line 3026]
Event: 7.687 Thread 0x0000019afe8ecdc0 Exception <a 'java/lang/NoSuchMethodError'{0x00000000d6367190}: 'void java.lang.invoke.Invokers$Holder.invokeExact_MT(java.lang.Object, java.lang.Object, java.lang.Object)'> (0x00000000d6367190) 
thrown [s\src\hotspot\share\interpreter\linkResolver.cpp, line 773]

ZGC Phase Switch (0 events):
No events

VM Operations (20 events):
Event: 4.210 Executing non-safepoint VM operation: HandshakeAllThreads (Deoptimize)
Event: 4.210 Executing non-safepoint VM operation: HandshakeAllThreads (Deoptimize) done
Event: 4.230 Executing non-safepoint VM operation: HandshakeAllThreads (Deoptimize)
Event: 4.230 Executing non-safepoint VM operation: HandshakeAllThreads (Deoptimize) done
Event: 4.245 Executing non-safepoint VM operation: HandshakeAllThreads (Deoptimize)
Event: 4.245 Executing non-safepoint VM operation: HandshakeAllThreads (Deoptimize) done
Event: 4.252 Executing non-safepoint VM operation: HandshakeAllThreads (Deoptimize)
Event: 4.252 Executing non-safepoint VM operation: HandshakeAllThreads (Deoptimize) done
Event: 4.487 Executing safepoint VM operation: ParallelGCFailedAllocation (Allocation Failure)
Event: 4.494 Executing safepoint VM operation: ParallelGCFailedAllocation (Allocation Failure) done
Event: 4.611 Executing non-safepoint VM operation: HandshakeAllThreads (Deoptimize)
Event: 4.611 Executing non-safepoint VM operation: HandshakeAllThreads (Deoptimize) done
Event: 5.621 Executing safepoint VM operation: Cleanup
Event: 5.621 Executing safepoint VM operation: Cleanup done
Event: 6.631 Executing safepoint VM operation: Cleanup
Event: 6.631 Executing safepoint VM operation: Cleanup done
Event: 6.950 Executing non-safepoint VM operation: HandshakeAllThreads (Deoptimize)
Event: 6.950 Executing non-safepoint VM operation: HandshakeAllThreads (Deoptimize) done
Event: 6.972 Executing safepoint VM operation: ParallelGCFailedAllocation (Allocation Failure)
Event: 6.981 Executing safepoint VM operation: ParallelGCFailedAllocation (Allocation Failure) done

Memory protections (0 events):
No events

Nmethod flushes (0 events):
No events

Events (20 events):
Event: 0.050 Thread 0x0000019aa5932350 Thread added: 0x0000019aa5822270
Event: 0.050 Thread 0x0000019aa5932350 Thread added: 0x0000019aa5822cd0
Event: 0.050 Thread 0x0000019aa5932350 Thread added: 0x0000019aa5823730
Event: 0.050 Thread 0x0000019aa5932350 Thread added: 0x0000019aa58256f0
Event: 0.051 Thread 0x0000019aa5932350 Thread added: 0x0000019aa582d200
Event: 0.051 Thread 0x0000019aa5932350 Thread added: 0x0000019aa5844f00
Event: 0.117 Thread 0x0000019aa5932350 Thread added: 0x0000019afe13a270
Event: 0.333 Thread 0x0000019aa5932350 Thread added: 0x0000019afe2a6850
Event: 0.823 Thread 0x0000019aa582d200 Thread added: 0x0000019afe4675e0
Event: 1.028 Thread 0x0000019afe4675e0 Thread exited: 0x0000019afe4675e0
Event: 1.627 Thread 0x0000019aa5844f00 Thread added: 0x0000019afe5d15f0
Event: 2.479 Thread 0x0000019afe5d15f0 Thread exited: 0x0000019afe5d15f0
Event: 3.747 Thread 0x0000019aa5932350 Thread added: 0x0000019afedc2320
Event: 4.071 Thread 0x0000019aa5932350 Thread added: 0x0000019afe45ee10
Event: 4.117 Thread 0x0000019afe45ee10 Thread added: 0x0000019afe8ec750
Event: 4.120 Thread 0x0000019aa5932350 Thread added: 0x0000019afe8ecdc0
Event: 4.260 Thread 0x0000019aa5844f00 Thread added: 0x0000019afea43590
Event: 4.596 Thread 0x0000019afe8ecdc0 Thread added: 0x0000019afef781c0
Event: 4.998 Thread 0x0000019afea43590 Thread exited: 0x0000019afea43590
Event: 6.749 Thread 0x0000019afe8ecdc0 Thread added: 0x0000019aff330cb0


Dynamic libraries:
0x00007ff783fc0000 - 0x00007ff783fce000 	c:\Users\Aluno.PRCUR-LAB17N.001\.vscode\extensions\redhat.java-1.56.0-win32-x64\jre\21.0.12.1-win32-x86_64\bin\java.exe
0x00007ffa41200000 - 0x00007ffa41467000 	C:\WINDOWS\SYSTEM32\ntdll.dll
0x00007ffa40f10000 - 0x00007ffa40fd9000 	C:\WINDOWS\System32\KERNEL32.DLL
0x00007ffa3e730000 - 0x00007ffa3eb1f000 	C:\WINDOWS\System32\KERNELBASE.dll
0x00007ffa3ed60000 - 0x00007ffa3eeab000 	C:\WINDOWS\System32\ucrtbase.dll
0x00007ff9b1400000 - 0x00007ff9b141e000 	c:\Users\Aluno.PRCUR-LAB17N.001\.vscode\extensions\redhat.java-1.56.0-win32-x64\jre\21.0.12.1-win32-x86_64\bin\VCRUNTIME140.dll
0x00007ff9b13e0000 - 0x00007ff9b13f8000 	c:\Users\Aluno.PRCUR-LAB17N.001\.vscode\extensions\redhat.java-1.56.0-win32-x64\jre\21.0.12.1-win32-x86_64\bin\jli.dll
0x00007ffa40c70000 - 0x00007ffa40e35000 	C:\WINDOWS\System32\USER32.dll
0x00007ffa2c6a0000 - 0x00007ffa2c933000 	C:\WINDOWS\WinSxS\amd64_microsoft.windows.common-controls_6595b64144ccf1df_6.0.26100.7309_none_3e05feeae336a044\COMCTL32.dll
0x00007ffa3ef70000 - 0x00007ffa3ef97000 	C:\WINDOWS\System32\win32u.dll
0x00007ffa40ae0000 - 0x00007ffa40b89000 	C:\WINDOWS\System32\msvcrt.dll
0x00007ffa409c0000 - 0x00007ffa409eb000 	C:\WINDOWS\System32\GDI32.dll
0x00007ffa3e3e0000 - 0x00007ffa3e50c000 	C:\WINDOWS\System32\gdi32full.dll
0x00007ffa3eb30000 - 0x00007ffa3ebd3000 	C:\WINDOWS\System32\msvcp_win.dll
0x00007ffa40c30000 - 0x00007ffa40c61000 	C:\WINDOWS\System32\IMM32.DLL
0x00007ffa05370000 - 0x00007ffa0537c000 	c:\Users\Aluno.PRCUR-LAB17N.001\.vscode\extensions\redhat.java-1.56.0-win32-x64\jre\21.0.12.1-win32-x86_64\bin\vcruntime140_1.dll
0x00007ff9b12b0000 - 0x00007ff9b133d000 	c:\Users\Aluno.PRCUR-LAB17N.001\.vscode\extensions\redhat.java-1.56.0-win32-x64\jre\21.0.12.1-win32-x86_64\bin\msvcp140.dll
0x00007ff98a110000 - 0x00007ff98aeb2000 	c:\Users\Aluno.PRCUR-LAB17N.001\.vscode\extensions\redhat.java-1.56.0-win32-x64\jre\21.0.12.1-win32-x86_64\bin\server\jvm.dll
0x00007ffa3efa0000 - 0x00007ffa3f054000 	C:\WINDOWS\System32\ADVAPI32.dll
0x00007ffa3f1f0000 - 0x00007ffa3f296000 	C:\WINDOWS\System32\sechost.dll
0x00007ffa40620000 - 0x00007ffa40738000 	C:\WINDOWS\System32\RPCRT4.dll
0x00007ffa3e1d0000 - 0x00007ffa3e22e000 	C:\WINDOWS\SYSTEM32\POWRPROF.dll
0x00007ffa3f730000 - 0x00007ffa3f7a4000 	C:\WINDOWS\System32\WS2_32.dll
0x00007ffa283c0000 - 0x00007ffa283f5000 	C:\WINDOWS\SYSTEM32\WINMM.dll
0x00007ffa32030000 - 0x00007ffa3203b000 	C:\WINDOWS\SYSTEM32\VERSION.dll
0x00007ffa3e1b0000 - 0x00007ffa3e1c4000 	C:\WINDOWS\SYSTEM32\UMPDC.dll
0x00007ffa3d100000 - 0x00007ffa3d11b000 	C:\WINDOWS\SYSTEM32\kernel.appcore.dll
0x00007ffa035d0000 - 0x00007ffa035da000 	c:\Users\Aluno.PRCUR-LAB17N.001\.vscode\extensions\redhat.java-1.56.0-win32-x64\jre\21.0.12.1-win32-x86_64\bin\jimage.dll
0x00007ffa20d40000 - 0x00007ffa20f82000 	C:\WINDOWS\SYSTEM32\DBGHELP.DLL
0x00007ffa400b0000 - 0x00007ffa40436000 	C:\WINDOWS\System32\combase.dll
0x00007ffa40a00000 - 0x00007ffa40ad6000 	C:\WINDOWS\System32\OLEAUT32.dll
0x00007ffa1bc80000 - 0x00007ffa1bcbc000 	C:\WINDOWS\SYSTEM32\dbgcore.DLL
0x00007ffa3e680000 - 0x00007ffa3e725000 	C:\WINDOWS\System32\bcryptPrimitives.dll
0x00007ff9e7ae0000 - 0x00007ff9e7aef000 	c:\Users\Aluno.PRCUR-LAB17N.001\.vscode\extensions\redhat.java-1.56.0-win32-x64\jre\21.0.12.1-win32-x86_64\bin\instrument.dll
0x00007ff9b13c0000 - 0x00007ff9b13e0000 	c:\Users\Aluno.PRCUR-LAB17N.001\.vscode\extensions\redhat.java-1.56.0-win32-x64\jre\21.0.12.1-win32-x86_64\bin\java.dll
0x00007ffa3f860000 - 0x00007ffa3ffb3000 	C:\WINDOWS\System32\SHELL32.dll
0x00007ffa3e510000 - 0x00007ffa3e67a000 	C:\WINDOWS\System32\wintypes.dll
0x00007ffa3bf90000 - 0x00007ffa3c7ee000 	C:\WINDOWS\SYSTEM32\windows.storage.dll
0x00007ffa40840000 - 0x00007ffa40935000 	C:\WINDOWS\System32\SHCORE.dll
0x00007ffa40040000 - 0x00007ffa400a6000 	C:\WINDOWS\System32\shlwapi.dll
0x00007ffa3e270000 - 0x00007ffa3e299000 	C:\WINDOWS\SYSTEM32\profapi.dll
0x00007ff9af320000 - 0x00007ff9af338000 	c:\Users\Aluno.PRCUR-LAB17N.001\.vscode\extensions\redhat.java-1.56.0-win32-x64\jre\21.0.12.1-win32-x86_64\bin\zip.dll
0x00007ff9dd7b0000 - 0x00007ff9dd7c0000 	C:\Users\Aluno.PRCUR-LAB17N.001\.vscode\extensions\redhat.java-1.56.0-win32-x64\jre\21.0.12.1-win32-x86_64\bin\net.dll
0x00007ffa320e0000 - 0x00007ffa32208000 	C:\WINDOWS\SYSTEM32\WINHTTP.dll
0x00007ffa3d670000 - 0x00007ffa3d6db000 	C:\WINDOWS\system32\mswsock.dll
0x00007ff9af300000 - 0x00007ff9af316000 	C:\Users\Aluno.PRCUR-LAB17N.001\.vscode\extensions\redhat.java-1.56.0-win32-x64\jre\21.0.12.1-win32-x86_64\bin\nio.dll
0x00007ff9dd760000 - 0x00007ff9dd770000 	c:\Users\Aluno.PRCUR-LAB17N.001\.vscode\extensions\redhat.java-1.56.0-win32-x64\jre\21.0.12.1-win32-x86_64\bin\verify.dll
0x00007ff9af260000 - 0x00007ff9af2a5000 	C:\Users\Aluno.PRCUR-LAB17N.001\AppData\Roaming\Code\User\globalStorage\redhat.java\1.56.0\config_win\org.eclipse.equinox.launcher\org.eclipse.equinox.launcher.win32.win32.x86_64_1.3.100.v20260804-1928\eclipse_11924.dll
0x00007ffa40440000 - 0x00007ffa405d7000 	C:\WINDOWS\System32\ole32.dll

JVMTI agents:
c:\Users\Aluno.PRCUR-LAB17N.001\.vscode\extensions\redhat.java-1.56.0-win32-x64\lombok\lombok-1.18.39-4050.jar path:c:\Users\Aluno.PRCUR-LAB17N.001\.vscode\extensions\redhat.java-1.56.0-win32-x64\jre\21.0.12.1-win32-x86_64\bin\instrument.dll, loaded, initialized, instrumentlib options:none

dbghelp: loaded successfully - version: 4.0.5 - missing functions: none
symbol engine: initialized successfully - sym options: 0x614 - pdb path: .;c:\Users\Aluno.PRCUR-LAB17N.001\.vscode\extensions\redhat.java-1.56.0-win32-x64\jre\21.0.12.1-win32-x86_64\bin;C:\WINDOWS\SYSTEM32;C:\WINDOWS\WinSxS\amd64_microsoft.windows.common-controls_6595b64144ccf1df_6.0.26100.7309_none_3e05feeae336a044;c:\Users\Aluno.PRCUR-LAB17N.001\.vscode\extensions\redhat.java-1.56.0-win32-x64\jre\21.0.12.1-win32-x86_64\bin\server;C:\Users\Aluno.PRCUR-LAB17N.001\AppData\Roaming\Code\User\globalStorage\redhat.java\1.56.0\config_win\org.eclipse.equinox.launcher\org.eclipse.equinox.launcher.win32.win32.x86_64_1.3.100.v20260804-1928

VM Arguments:
jvm_args: --add-modules=ALL-SYSTEM --add-opens=java.base/java.util=ALL-UNNAMED --add-opens=java.base/java.lang=ALL-UNNAMED --add-opens=java.base/sun.nio.fs=ALL-UNNAMED -Declipse.application=org.eclipse.jdt.ls.core.id1 -Dosgi.bundles.defaultStartLevel=4 -Declipse.product=org.eclipse.jdt.ls.core.product -Djava.import.generatesMetadataFilesAtProjectRoot=false -Dm2e.project.cache.size=50 -DDetectVMInstallationsJob.disabled=true -Dfile.encoding=utf8 -XX:+UseParallelGC -XX:GCTimeRatio=4 -XX:AdaptiveSizePolicyWeight=90 -Dsun.zip.disableMemoryMapping=true -Xmx2G -Xms100m -Xlog:disable -javaagent:c:\Users\Aluno.PRCUR-LAB17N.001\.vscode\extensions\redhat.java-1.56.0-win32-x64\lombok\lombok-1.18.39-4050.jar -XX:+HeapDumpOnOutOfMemoryError -XX:HeapDumpPath=c:\Users\Aluno.PRCUR-LAB17N.001\AppData\Roaming\Code\User\workspaceStorage\00fad9ff65b8588c287b867479378830\redhat.java -Daether.dependencyCollector.impl=bf 
java_command: c:\Users\Aluno.PRCUR-LAB17N.001\.vscode\extensions\redhat.java-1.56.0-win32-x64\server\plugins\org.eclipse.equinox.launcher_1.8.0.v20260804-1928.jar -configuration c:\Users\Aluno.PRCUR-LAB17N.001\AppData\Roaming\Code\User\globalStorage\redhat.java\1.56.0\config_win -data c:\Users\Aluno.PRCUR-LAB17N.001\AppData\Roaming\Code\User\workspaceStorage\00fad9ff65b8588c287b867479378830\redhat.java\jdt_ws --stdio
java_class_path (initial): c:\Users\Aluno.PRCUR-LAB17N.001\.vscode\extensions\redhat.java-1.56.0-win32-x64\server\plugins\org.eclipse.equinox.launcher_1.8.0.v20260804-1928.jar
Launcher Type: SUN_STANDARD

[Global flags]
    uintx AdaptiveSizePolicyWeight                 = 90                                        {product} {command line}
     intx CICompilerCount                          = 3                                         {product} {ergonomic}
    uintx GCTimeRatio                              = 4                                         {product} {command line}
     bool HeapDumpOnOutOfMemoryError               = true                                   {manageable} {command line}
    ccstr HeapDumpPath                             = c:\Users\Aluno.PRCUR-LAB17N.001\AppData\Roaming\Code\User\workspaceStorage\00fad9ff65b8588c287b867479378830\redhat.java         {manageable} {command line}
   size_t InitialHeapSize                          = 104857600                                 {product} {command line}
   size_t MaxHeapSize                              = 2147483648                                {product} {command line}
   size_t MaxNewSize                               = 715653120                                 {product} {ergonomic}
   size_t MinHeapDeltaBytes                        = 524288                                    {product} {ergonomic}
   size_t MinHeapSize                              = 104857600                                 {product} {command line}
   size_t NewSize                                  = 34603008                                  {product} {ergonomic}
    uintx NonNMethodCodeHeapSize                   = 5832780                                {pd product} {ergonomic}
    uintx NonProfiledCodeHeapSize                  = 122912730                              {pd product} {ergonomic}
   size_t OldSize                                  = 70254592                                  {product} {ergonomic}
    uintx ProfiledCodeHeapSize                     = 122912730                              {pd product} {ergonomic}
    uintx ReservedCodeCacheSize                    = 251658240                              {pd product} {ergonomic}
     bool SegmentedCodeCache                       = true                                      {product} {ergonomic}
   size_t SoftMaxHeapSize                          = 2147483648                             {manageable} {ergonomic}
     bool UseCompressedOops                        = true                           {product lp64_product} {ergonomic}
     bool UseLargePagesIndividualAllocation        = false                                  {pd product} {ergonomic}
     bool UseParallelGC                            = true                                      {product} {command line}

Logging:
Log output configuration:
 #0: stdout all=off uptime,level,tags foldmultilines=false
 #1: stderr all=off uptime,level,tags foldmultilines=false

Release file:
JAVA_VERSION="21.0.12.1" 
MODULES="java.base java.compiler java.datatransfer java.xml java.prefs java.desktop java.instrument java.logging java.management java.security.sasl java.naming java.rmi java.management.rmi java.net.http java.scripting java.security.jgss java.transaction.xa java.sql java.sql.rowset java.xml.crypto java.se java.smartcardio jdk.accessibility jdk.internal.jvmstat jdk.attach jdk.charsets jdk.internal.opt jdk.zipfs jdk.compiler jdk.crypto.ec jdk.crypto.cryptoki jdk.crypto.mscapi jdk.dynalink jdk.internal.ed jdk.editpad jdk.hotspot.agent jdk.httpserver jdk.internal.le jdk.internal.vm.ci jdk.internal.vm.compiler jdk.internal.vm.compiler.management jdk.jartool jdk.javadoc jdk.jcmd jdk.management jdk.management.agent jdk.jconsole jdk.jdeps jdk.jdwp.agent jdk.jdi jdk.jfr jdk.jshell jdk.jsobject jdk.jstatd jdk.localedata jdk.management.jfr jdk.naming.dns jdk.naming.rmi jdk.net jdk.nio.mapmode jdk.random jdk.sctp jdk.security.auth jdk.security.jgss jdk.unsupported jdk.unsupported.desktop jdk.xml.dom" 

Environment Variables:
JAVA_HOME=C:\Program Files\BellSoft\LibericaJDK-23\
PATH=C:\Program Files\BellSoft\LibericaJDK-23\bin\;C:\Program Files\Common Files\Oracle\Java\javapath;C:\Program Files (x86)\Common Files\Oracle\Java\java8path;C:\Program Files (x86)\Common Files\Oracle\Java\javapath;C:\WINDOWS\system32;C:\WINDOWS;C:\WINDOWS\System32\Wbem;C:\WINDOWS\System32\WindowsPowerShell\v1.0\;C:\WINDOWS\System32\OpenSSH\;C:\Program Files\dotnet\;C:\Program Files\nodejs\;C:\Users\Aluno.PRCUR-LAB17N.001\AppData\Local\Programs\Python\Python312\Scripts\;C:\Users\Aluno.PRCUR-LAB17N.001\AppData\Local\Programs\Python\Python312\;C:\Users\Aluno.PRCUR-LAB17N.001\AppData\Local\Microsoft\WindowsApps;;C:\Users\Aluno.PRCUR-LAB17N.001\AppData\Local\Programs\Microsoft VS Code\bin
USERNAME=Aluno
OS=Windows_NT
PROCESSOR_IDENTIFIER=Intel64 Family 6 Model 126 Stepping 5, GenuineIntel
TMP=C:\Users\ALUNOP~1.001\AppData\Local\Temp
TEMP=C:\Users\ALUNOP~1.001\AppData\Local\Temp




Periodic native trim disabled

---------------  S Y S T E M  ---------------

OS:
 Windows 11 , 64 bit Build 26100 (10.0.26100.7623)
OS uptime: 0 days 2:23 hours

CPU: total 4 (initial active 4) (2 cores per cpu, 2 threads per core) family 6 model 126 stepping 5 microcode 0xa6, cx8, cmov, fxsr, ht, mmx, 3dnowpref, sse, sse2, sse3, ssse3, sse4.1, sse4.2, popcnt, lzcnt, tsc, tscinvbit, avx, avx2, aes, erms, clmul, bmi1, bmi2, adx, avx512f, avx512dq, avx512cd, avx512bw, avx512vl, sha, fma, vzeroupper, avx512_vpopcntdq, avx512_vpclmulqdq, avx512_vaes, avx512_vnni, clflush, clflushopt, avx512_vbmi2, avx512_vbmi, rdtscp, rdpid, fsrm, gfni, avx512_bitalg, f16c, pku, avx512_ifma
Processor Information for the first 4 processors :
  Max Mhz: 1190, Current Mhz: 1190, Mhz Limit: 1190

Memory: 4k page, system-wide physical 3885M (348M free)
TotalPageFile size 15661M (AvailPageFile size 0M)
current process WorkingSet (physical memory assigned to process): 117M, peak: 117M
current process commit charge ("private bytes"): 243M, peak: 243M

vm_info: OpenJDK 64-Bit Server VM (21.0.12.1+1-LTS) for windows-amd64 JRE (21.0.12.1+1-LTS), built on 2026-08-18T00:00:00Z by "admin" with MS VC++ 17.12 (VS2022)

END.
